Apr 15 11:32:54 localhost.localdomain udevadm[412]: amba:10b08000.tpda--amba:10b0d000.tpdm: Triggered device with action 'add'.
Apr 15 11:32:54 localhost.localdomain systemd-udevd[406]: memory30: Device is queued (SEQNUM=3885, ACTION=add, UUID=d0ac66e9-bb87-4e51-9c6e-7c3806672c16)
Apr 15 11:32:54 localhost.localdomain udevadm[412]: amba:10b09000.tpdm--amba:10b08000.tpda: Triggered device with action 'add'.
Apr 15 11:32:54 localhost.localdomain systemd-udevd[406]: memory300: Device is queued (SEQNUM=3886, ACTION=add, UUID=c483c5ab-074c-4cac-87fd-ed4442276ef7)
Apr 15 11:32:54 localhost.localdomain udevadm[412]: amba:10b0a000.tpdm--amba:10b08000.tpda: Triggered device with action 'add'.
Apr 15 11:32:54 localhost.localdomain systemd-udevd[406]: memory301: Device is queued (SEQNUM=3887, ACTION=add, UUID=86226c30-725f-4f26-8e62-8009dcca9b04)
Apr 15 11:32:54 localhost.localdomain udevadm[412]: amba:10b0b000.tpdm--amba:10b08000.tpda: Triggered device with action 'add'.
Apr 15 11:32:54 localhost.localdomain udevadm[412]: amba:10b0c000.tpdm--amba:10b08000.tpda: Triggered device with action 'add'.
Apr 15 11:32:54 localhost.localdomain systemd-udevd[406]: memory302: Device is queued (SEQNUM=3888, ACTION=add, UUID=839b916d-3ffa-4376-8c15-3adf744ec18d)
Apr 15 11:32:54 localhost.localdomain udevadm[412]: amba:10b0d000.tpdm--amba:10b08000.tpda: Triggered device with action 'add'.
Apr 15 11:32:54 localhost.localdomain systemd-udevd[406]: memory303: Device is queued (SEQNUM=3889, ACTION=add, UUID=7bc2dd3e-c48c-481f-a322-2034351dbc7c)
Apr 15 11:32:54 localhost.localdomain udevadm[412]: amba:10c08000.tpdm--amba:10c0b000.funnel: Triggered device with action 'add'.
Apr 15 11:32:54 localhost.localdomain udevadm[412]: amba:10c0b000.funnel--amba:10c08000.tpdm: Triggered device with action 'add'.
Apr 15 11:32:54 localhost.localdomain systemd-udevd[406]: memory304: Device is queued (SEQNUM=3890, ACTION=add, UUID=45f1cadf-6d39-4c46-9a1c-2cee85c79f17)
Apr 15 11:32:54 localhost.localdomain udevadm[412]: amba:10c0b000.funnel--amba:10c3c000.tpda: Triggered device with action 'add'.
Apr 15 11:32:54 localhost.localdomain systemd-udevd[406]: memory305: Device is queued (SEQNUM=3891, ACTION=add, UUID=80262da7-a3d8-49c3-89bc-a83ceada620f)
Apr 15 11:32:54 localhost.localdomain udevadm[412]: amba:10c28000.tpdm--amba:10c2b000.tpda: Triggered device with action 'add'.
Apr 15 11:32:54 localhost.localdomain udevadm[412]: amba:10c29000.tpdm--amba:10c2b000.tpda: Triggered device with action 'add'.
Apr 15 11:32:54 localhost.localdomain systemd-udevd[406]: memory306: Device is queued (SEQNUM=3892, ACTION=add, UUID=c5c080fc-d68d-4cb6-9dad-a277a590fe1e)
Apr 15 11:32:54 localhost.localdomain udevadm[412]: amba:10c2b000.tpda--amba:1082c000.tpdm: Triggered device with action 'add'.
Apr 15 11:32:54 localhost.localdomain systemd-udevd[406]: memory307: Device is queued (SEQNUM=3893, ACTION=add, UUID=a2d9f6c3-516e-4b5c-acdd-c75476534077)
Apr 15 11:32:54 localhost.localdomain udevadm[412]: amba:10c2b000.tpda--amba:10841000.tpdm: Triggered device with action 'add'.
Apr 15 11:32:54 localhost.localdomain udevadm[412]: amba:10c2b000.tpda--amba:10846000.funnel: Triggered device with action 'add'.
Apr 15 11:32:54 localhost.localdomain systemd-udevd[406]: memory308: Device is queued (SEQNUM=3894, ACTION=add, UUID=e6f71e23-09d2-4d43-b1bc-53e58471d7be)
Apr 15 11:32:54 localhost.localdomain udevadm[412]: amba:10c2b000.tpda--amba:10c28000.tpdm: Triggered device with action 'add'.
Apr 15 11:32:54 localhost.localdomain systemd-udevd[406]: memory309: Device is queued (SEQNUM=3895, ACTION=add, UUID=a8ddd537-b4da-4192-930a-6cbc7fe482c1)
Apr 15 11:32:54 localhost.localdomain udevadm[412]: amba:10c2b000.tpda--amba:10c29000.tpdm: Triggered device with action 'add'.
Apr 15 11:32:54 localhost.localdomain systemd-udevd[406]: memory310: Device is queued (SEQNUM=3896, ACTION=add, UUID=c3fccbf2-f3d9-4dec-bd4b-c3de4f5c6dc4)
Apr 15 11:32:54 localhost.localdomain udevadm[412]: amba:10c2b000.tpda--amba:10c2c000.funnel: Triggered device with action 'add'.
Apr 15 11:32:54 localhost.localdomain udevadm[412]: amba:10c2c000.funnel--amba:10042000.funnel: Triggered device with action 'add'.
Apr 15 11:32:54 localhost.localdomain systemd-udevd[406]: memory311: Device is queued (SEQNUM=3897, ACTION=add, UUID=724349cb-e1e0-480e-9991-58e7743d57dd)
Apr 15 11:32:54 localhost.localdomain udevadm[412]: amba:10c2c000.funnel--amba:10c2b000.tpda: Triggered device with action 'add'.
Apr 15 11:32:54 localhost.localdomain systemd-udevd[406]: memory312: Device is queued (SEQNUM=3898, ACTION=add, UUID=981695a6-d529-432b-808b-58551eec8046)
Apr 15 11:32:54 localhost.localdomain udevadm[412]: amba:10c2c000.funnel--amba:10c3d000.funnel: Triggered device with action 'add'.
Apr 15 11:32:54 localhost.localdomain udevadm[412]: amba:10c2c000.funnel--amba:10d04000.funnel: Triggered device with action 'add'.
Apr 15 11:32:54 localhost.localdomain systemd-udevd[406]: memory313: Device is queued (SEQNUM=3899, ACTION=add, UUID=13f57e52-cfb3-435f-992e-d4dec1280dde)
Apr 15 11:32:54 localhost.localdomain udevadm[412]: amba:10c38000.tpdm--amba:10c3c000.tpda: Triggered device with action 'add'.
Apr 15 11:32:54 localhost.localdomain systemd-udevd[406]: memory314: Device is queued (SEQNUM=3900, ACTION=add, UUID=51ea7ec3-05cc-472e-b37b-a57356c4c6f4)
Apr 15 11:32:54 localhost.localdomain udevadm[412]: amba:10c39000.tpdm--amba:10c3c000.tpda: Triggered device with action 'add'.
Apr 15 11:32:54 localhost.localdomain udevadm[412]: amba:10c3c000.tpda--amba:10800000.tpdm: Triggered device with action 'add'.
Apr 15 11:32:54 localhost.localdomain systemd-udevd[406]: memory315: Device is queued (SEQNUM=3901, ACTION=add, UUID=0c783fcf-91c7-44e7-b621-ba919d3cec9d)
Apr 15 11:32:54 localhost.localdomain udevadm[412]: amba:10c3c000.tpda--amba:10c0b000.funnel: Triggered device with action 'add'.
Apr 15 11:32:54 localhost.localdomain systemd-udevd[406]: memory316: Device is queued (SEQNUM=3902, ACTION=add, UUID=eeb422bd-29d5-4678-8e6f-281b0d587a10)
Apr 15 11:32:54 localhost.localdomain udevadm[412]: amba:10c3c000.tpda--amba:10c38000.tpdm: Triggered device with action 'add'.
Apr 15 11:32:54 localhost.localdomain udevadm[412]: amba:10c3c000.tpda--amba:10c39000.tpdm: Triggered device with action 'add'.
Apr 15 11:32:54 localhost.localdomain systemd-udevd[406]: memory317: Device is queued (SEQNUM=3903, ACTION=add, UUID=05ef935f-45d7-420a-a720-3d015fb4f4da)
Apr 15 11:32:54 localhost.localdomain udevadm[412]: amba:10c3c000.tpda--amba:10c3d000.funnel: Triggered device with action 'add'.
Apr 15 11:32:54 localhost.localdomain systemd-udevd[406]: memory318: Device is queued (SEQNUM=3904, ACTION=add, UUID=76f6b07c-b7d5-40ea-96ea-5bf82857f48d)
Apr 15 11:32:54 localhost.localdomain udevadm[412]: amba:10c3d000.funnel--amba:10c2c000.funnel: Triggered device with action 'add'.
Apr 15 11:32:54 localhost.localdomain udevadm[412]: amba:10c3d000.funnel--amba:10c3c000.tpda: Triggered device with action 'add'.
Apr 15 11:32:54 localhost.localdomain systemd-udevd[406]: memory319: Device is queued (SEQNUM=3905, ACTION=add, UUID=0beb36ea-06f5-44de-9f73-4745c05e34d1)
Apr 15 11:32:54 localhost.localdomain udevadm[412]: amba:10cc4000.tpda--amba:10cc5000.funnel: Triggered device with action 'add'.
Apr 15 11:32:54 localhost.localdomain systemd-udevd[406]: memory320: Device is queued (SEQNUM=3906, ACTION=add, UUID=c8e80f0e-8d99-49d8-8649-37c0040b994c)
Apr 15 11:32:54 localhost.localdomain udevadm[412]: amba:10cc5000.funnel--amba:10042000.funnel: Triggered device with action 'add'.
Apr 15 11:32:54 localhost.localdomain systemd-udevd[406]: memory321: Device is queued (SEQNUM=3907, ACTION=add, UUID=04cde498-7f60-489d-b4e4-ebd7fdc34098)
Apr 15 11:32:54 localhost.localdomain udevadm[412]: amba:10cc5000.funnel--amba:10cc4000.tpda: Triggered device with action 'add'.
Apr 15 11:32:54 localhost.localdomain udevadm[412]: amba:10d04000.funnel--amba:10c2c000.funnel: Triggered device with action 'add'.
Apr 15 11:32:54 localhost.localdomain systemd-udevd[406]: memory322: Device is queued (SEQNUM=3908, ACTION=add, UUID=f115c8c7-ba41-49e9-a399-159957f6cfee)
Apr 15 11:32:54 localhost.localdomain udevadm[412]: amba:10d04000.funnel--amba:10d13000.funnel: Triggered device with action 'add'.
Apr 15 11:32:54 localhost.localdomain systemd-udevd[406]: memory323: Device is queued (SEQNUM=3909, ACTION=add, UUID=883b9efd-b3b1-4e25-9c71-4ec5e03333da)
Apr 15 11:32:54 localhost.localdomain udevadm[412]: amba:10d08000.tpdm--amba:10d12000.tpda: Triggered device with action 'add'.
Apr 15 11:32:54 localhost.localdomain udevadm[412]: amba:10d09000.tpdm--amba:10d12000.tpda: Triggered device with action 'add'.
Apr 15 11:32:54 localhost.localdomain systemd-udevd[406]: memory324: Device is queued (SEQNUM=3910, ACTION=add, UUID=f051add9-16c0-45e8-9fe6-aec1fff871fd)
Apr 15 11:32:54 localhost.localdomain udevadm[412]: amba:10d0a000.tpdm--amba:10d12000.tpda: Triggered device with action 'add'.
Apr 15 11:32:54 localhost.localdomain systemd-udevd[406]: memory325: Device is queued (SEQNUM=3911, ACTION=add, UUID=968859df-f6b3-4697-ae31-c428bc596665)
Apr 15 11:32:54 localhost.localdomain udevadm[412]: amba:10d0b000.tpdm--amba:10d12000.tpda: Triggered device with action 'add'.
Apr 15 11:32:54 localhost.localdomain udevadm[412]: amba:10d0c000.tpdm--amba:10d12000.tpda: Triggered device with action 'add'.
Apr 15 11:32:54 localhost.localdomain systemd-udevd[406]: memory326: Device is queued (SEQNUM=3912, ACTION=add, UUID=6804feee-a415-456b-9a7e-37d989aac73f)
Apr 15 11:32:54 localhost.localdomain udevadm[412]: amba:10d0d000.tpdm--amba:10d12000.tpda: Triggered device with action 'add'.
Apr 15 11:32:54 localhost.localdomain systemd-udevd[406]: memory327: Device is queued (SEQNUM=3913, ACTION=add, UUID=7d90a068-17b0-4d9d-9ce4-9922c6b6a411)
Apr 15 11:32:54 localhost.localdomain udevadm[412]: amba:10d0e000.tpdm--amba:10d12000.tpda: Triggered device with action 'add'.
Apr 15 11:32:54 localhost.localdomain udevadm[412]: amba:10d0f000.tpdm--amba:10d12000.tpda: Triggered device with action 'add'.
Apr 15 11:32:54 localhost.localdomain systemd-udevd[406]: memory328: Device is queued (SEQNUM=3914, ACTION=add, UUID=1e04cd12-5c6b-46f1-9381-863fc776759d)
Apr 15 11:32:54 localhost.localdomain udevadm[412]: amba:10d12000.tpda--amba:10d08000.tpdm: Triggered device with action 'add'.
Apr 15 11:32:54 localhost.localdomain systemd-udevd[406]: memory329: Device is queued (SEQNUM=3915, ACTION=add, UUID=b5a0a33f-43cc-4e3b-abb8-ea972830ee57)
Apr 15 11:32:54 localhost.localdomain udevadm[412]: amba:10d12000.tpda--amba:10d09000.tpdm: Triggered device with action 'add'.
Apr 15 11:32:54 localhost.localdomain systemd-udevd[406]: memory330: Device is queued (SEQNUM=3916, ACTION=add, UUID=d3133a82-15a0-431e-a332-231688b67de5)
Apr 15 11:32:54 localhost.localdomain udevadm[412]: amba:10d12000.tpda--amba:10d0a000.tpdm: Triggered device with action 'add'.
Apr 15 11:32:54 localhost.localdomain udevadm[412]: amba:10d12000.tpda--amba:10d0b000.tpdm: Triggered device with action 'add'.
Apr 15 11:32:54 localhost.localdomain systemd-udevd[406]: memory331: Device is queued (SEQNUM=3917, ACTION=add, UUID=45eaccc7-c74b-406b-9be7-048e86be2ba6)
Apr 15 11:32:54 localhost.localdomain udevadm[412]: amba:10d12000.tpda--amba:10d0c000.tpdm: Triggered device with action 'add'.
Apr 15 11:32:54 localhost.localdomain systemd-udevd[406]: memory332: Device is queued (SEQNUM=3918, ACTION=add, UUID=a894f7b9-e3ae-46bf-92b9-6584210a7c7d)
Apr 15 11:32:54 localhost.localdomain udevadm[412]: amba:10d12000.tpda--amba:10d0d000.tpdm: Triggered device with action 'add'.
Apr 15 11:32:54 localhost.localdomain udevadm[412]: amba:10d12000.tpda--amba:10d0e000.tpdm: Triggered device with action 'add'.
Apr 15 11:32:54 localhost.localdomain systemd-udevd[406]: memory333: Device is queued (SEQNUM=3919, ACTION=add, UUID=895061d9-9ace-45f7-9eea-84728c873da0)
Apr 15 11:32:54 localhost.localdomain udevadm[412]: amba:10d12000.tpda--amba:10d0f000.tpdm: Triggered device with action 'add'.
Apr 15 11:32:54 localhost.localdomain systemd-udevd[406]: memory334: Device is queued (SEQNUM=3920, ACTION=add, UUID=3bdaba35-4c1d-4ea1-9edd-0b7e54e4b94a)
Apr 15 11:32:54 localhost.localdomain udevadm[412]: amba:10d12000.tpda--amba:10d13000.funnel: Triggered device with action 'add'.
Apr 15 11:32:54 localhost.localdomain systemd-udevd[406]: memory335: Device is queued (SEQNUM=3921, ACTION=add, UUID=de8b7810-f324-4d2f-ac00-2f2a4886dd09)
Apr 15 11:32:54 localhost.localdomain udevadm[412]: amba:10d13000.funnel--amba:10d04000.funnel: Triggered device with action 'add'.
Apr 15 11:32:54 localhost.localdomain udevadm[412]: amba:10d13000.funnel--amba:10d12000.tpda: Triggered device with action 'add'.
Apr 15 11:32:54 localhost.localdomain systemd-udevd[406]: memory336: Device is queued (SEQNUM=3922, ACTION=add, UUID=7268dfa8-708d-45e0-8246-465f56913a11)
Apr 15 11:32:54 localhost.localdomain udevadm[412]: genpd_provider:power-domain-cpu-cluster0--genpd_provider:power-domain-cpu0: Triggered device with action 'add'.
Apr 15 11:32:54 localhost.localdomain systemd-udevd[406]: memory337: Device is queued (SEQNUM=3923, ACTION=add, UUID=cedfc52b-c23e-4989-b48b-9ab9eaa37988)
Apr 15 11:32:54 localhost.localdomain udevadm[412]: genpd_provider:power-domain-cpu-cluster0--genpd_provider:power-domain-cpu1: Triggered device with action 'add'.
Apr 15 11:32:54 localhost.localdomain udevadm[412]: genpd_provider:power-domain-cpu-cluster0--genpd_provider:power-domain-cpu2: Triggered device with action 'add'.
Apr 15 11:32:54 localhost.localdomain systemd-udevd[406]: memory338: Device is queued (SEQNUM=3924, ACTION=add, UUID=00d78ad6-6474-4b58-9c0e-22eb0ec6f1f6)
Apr 15 11:32:54 localhost.localdomain udevadm[412]: genpd_provider:power-domain-cpu-cluster0--genpd_provider:power-domain-cpu3: Triggered device with action 'add'.
Apr 15 11:32:54 localhost.localdomain systemd-udevd[406]: memory339: Device is queued (SEQNUM=3925, ACTION=add, UUID=e5c9ef5a-c48a-4c5b-b0b6-496dd96c76f7)
Apr 15 11:32:54 localhost.localdomain udevadm[412]: genpd_provider:power-domain-cpu-cluster1--genpd_provider:power-domain-cpu4: Triggered device with action 'add'.
Apr 15 11:32:54 localhost.localdomain udevadm[412]: genpd_provider:power-domain-cpu-cluster1--genpd_provider:power-domain-cpu5: Triggered device with action 'add'.
Apr 15 11:32:54 localhost.localdomain systemd-udevd[406]: memory340: Device is queued (SEQNUM=3926, ACTION=add, UUID=f2850739-50d4-4ef1-b3ae-c5ff1ad05885)
Apr 15 11:32:54 localhost.localdomain udevadm[412]: genpd_provider:power-domain-cpu-cluster1--genpd_provider:power-domain-cpu6: Triggered device with action 'add'.
Apr 15 11:32:54 localhost.localdomain systemd-udevd[406]: memory341: Device is queued (SEQNUM=3927, ACTION=add, UUID=105bfad7-d5af-454f-9269-dc693067e5b1)
Apr 15 11:32:54 localhost.localdomain udevadm[412]: genpd_provider:power-domain-cpu-cluster1--genpd_provider:power-domain-cpu7: Triggered device with action 'add'.
Apr 15 11:32:54 localhost.localdomain systemd-udevd[406]: memory342: Device is queued (SEQNUM=3928, ACTION=add, UUID=b5e5bfcc-30ee-4cd0-8895-a74bdb7385f5)
Apr 15 11:32:54 localhost.localdomain udevadm[412]: genpd_provider:power-domain-cpu-cluster2--genpd_provider:power-domain-cpu10: Triggered device with action 'add'.
Apr 15 11:32:54 localhost.localdomain udevadm[412]: genpd_provider:power-domain-cpu-cluster2--genpd_provider:power-domain-cpu11: Triggered device with action 'add'.
Apr 15 11:32:54 localhost.localdomain systemd-udevd[406]: memory343: Device is queued (SEQNUM=3929, ACTION=add, UUID=e47bb437-4ac7-49dc-bdf1-f1e957a09bdd)
Apr 15 11:32:54 localhost.localdomain udevadm[412]: genpd_provider:power-domain-cpu-cluster2--genpd_provider:power-domain-cpu8: Triggered device with action 'add'.
Apr 15 11:32:54 localhost.localdomain systemd-udevd[406]: memory344: Device is queued (SEQNUM=3930, ACTION=add, UUID=ebdc6c9b-e85b-4a57-9698-b0517440c410)
Apr 15 11:32:54 localhost.localdomain udevadm[412]: genpd_provider:power-domain-cpu-cluster2--genpd_provider:power-domain-cpu9: Triggered device with action 'add'.
Apr 15 11:32:54 localhost.localdomain udevadm[412]: genpd_provider:power-domain-system--genpd_provider:power-domain-cpu-cluster0: Triggered device with action 'add'.
Apr 15 11:32:54 localhost.localdomain systemd-udevd[406]: memory345: Device is queued (SEQNUM=3931, ACTION=add, UUID=4f790696-6cd3-4672-93bf-02aef4ee6643)
Apr 15 11:32:54 localhost.localdomain udevadm[412]: genpd_provider:power-domain-system--genpd_provider:power-domain-cpu-cluster1: Triggered device with action 'add'.
Apr 15 11:32:54 localhost.localdomain systemd-udevd[406]: memory346: Device is queued (SEQNUM=3932, ACTION=add, UUID=6db9c73a-b028-46d1-aee7-ad716313c681)
Apr 15 11:32:54 localhost.localdomain udevadm[412]: genpd_provider:power-domain-system--genpd_provider:power-domain-cpu-cluster2: Triggered device with action 'add'.
Apr 15 11:32:54 localhost.localdomain systemd-udevd[406]: memory347: Device is queued (SEQNUM=3933, ACTION=add, UUID=9457ca3f-2419-4540-add1-c9aad763924a)
Apr 15 11:32:54 localhost.localdomain udevadm[412]: genpd_provider:power-domain-system--platform:17500000.rsc: Triggered device with action 'add'.
Apr 15 11:32:54 localhost.localdomain udevadm[412]: platform:100000.clock-controller--platform:1bd0000.pcie: Triggered device with action 'add'.
Apr 15 11:32:54 localhost.localdomain systemd-udevd[406]: memory348: Device is queued (SEQNUM=3934, ACTION=add, UUID=f5aeda43-8e33-4794-9709-d11056c0b0b1)
Apr 15 11:32:54 localhost.localdomain udevadm[412]: platform:100000.clock-controller--platform:1be0000.phy: Triggered device with action 'add'.
Apr 15 11:32:54 localhost.localdomain systemd-udevd[406]: memory349: Device is queued (SEQNUM=3935, ACTION=add, UUID=011bbde9-72e5-4bd5-85df-5b3bbd020d10)
Apr 15 11:32:54 localhost.localdomain udevadm[412]: platform:100000.clock-controller--platform:1bf8000.pci: Triggered device with action 'add'.
Apr 15 11:32:54 localhost.localdomain udevadm[412]: platform:100000.clock-controller--platform:1bfc000.phy: Triggered device with action 'add'.
Apr 15 11:32:54 localhost.localdomain systemd-udevd[406]: memory350: Device is queued (SEQNUM=3936, ACTION=add, UUID=7d7ea1bc-8655-4388-b7e5-1190190a91f7)
Apr 15 11:32:54 localhost.localdomain udevadm[412]: platform:100000.clock-controller--platform:1c08000.pci: Triggered device with action 'add'.
Apr 15 11:32:54 localhost.localdomain systemd-udevd[406]: memory351: Device is queued (SEQNUM=3937, ACTION=add, UUID=fc1581f6-d4fc-4fc0-b0fe-a74e9459c9da)
Apr 15 11:32:54 localhost.localdomain udevadm[412]: platform:100000.clock-controller--platform:1c0e000.phy: Triggered device with action 'add'.
Apr 15 11:32:54 localhost.localdomain udevadm[412]: platform:100000.clock-controller--platform:3d6a000.gmu: Triggered device with action 'add'.
Apr 15 11:32:54 localhost.localdomain systemd-udevd[406]: memory352: Device is queued (SEQNUM=3938, ACTION=add, UUID=fbbbea54-c2c3-449e-8539-3c3384719a27)
Apr 15 11:32:54 localhost.localdomain udevadm[412]: platform:100000.clock-controller--platform:3d90000.clock-controller: Triggered device with action 'add'.
Apr 15 11:32:54 localhost.localdomain systemd-udevd[406]: memory353: Device is queued (SEQNUM=3939, ACTION=add, UUID=8324c2d3-c340-413c-9f6c-2174e5273741)
Apr 15 11:32:54 localhost.localdomain udevadm[412]: platform:100000.clock-controller--platform:3da0000.iommu: Triggered device with action 'add'.
Apr 15 11:32:54 localhost.localdomain udevadm[412]: platform:100000.clock-controller--platform:88e1000.phy: Triggered device with action 'add'.
Apr 15 11:32:54 localhost.localdomain systemd-udevd[406]: memory354: Device is queued (SEQNUM=3940, ACTION=add, UUID=254825be-7e53-4e62-a803-ccaf116e34d0)
Apr 15 11:32:54 localhost.localdomain udevadm[412]: platform:100000.clock-controller--platform:88e2000.phy: Triggered device with action 'add'.
Apr 15 11:32:54 localhost.localdomain systemd-udevd[406]: memory355: Device is queued (SEQNUM=3941, ACTION=add, UUID=aab666f3-d974-4787-b6da-da66d16387ae)
Apr 15 11:32:54 localhost.localdomain udevadm[412]: platform:100000.clock-controller--platform:88e3000.phy: Triggered device with action 'add'.
Apr 15 11:32:54 localhost.localdomain systemd-udevd[406]: memory356: Device is queued (SEQNUM=3942, ACTION=add, UUID=ea408846-0cd1-42dc-af90-d87e3f4e2e6c)
Apr 15 11:32:54 localhost.localdomain udevadm[412]: platform:100000.clock-controller--platform:88e5000.phy: Triggered device with action 'add'.
Apr 15 11:32:54 localhost.localdomain udevadm[412]: platform:100000.clock-controller--platform:8c0000.geniqup: Triggered device with action 'add'.
Apr 15 11:32:54 localhost.localdomain systemd-udevd[406]: memory357: Device is queued (SEQNUM=3943, ACTION=add, UUID=401d521c-3920-49ab-a978-41e055d8771e)
Apr 15 11:32:54 localhost.localdomain udevadm[412]: platform:100000.clock-controller--platform:a4f8800.usb: Triggered device with action 'add'.
Apr 15 11:32:54 localhost.localdomain udevadm[412]: platform:100000.clock-controller--platform:a6f8800.usb: Triggered device with action 'add'.
Apr 15 11:32:54 localhost.localdomain systemd-udevd[406]: memory358: Device is queued (SEQNUM=3944, ACTION=add, UUID=42a17150-a408-47b7-9530-3d33c63c410d)
Apr 15 11:32:54 localhost.localdomain udevadm[412]: platform:100000.clock-controller--platform:a8f8800.usb: Triggered device with action 'add'.
Apr 15 11:32:54 localhost.localdomain systemd-udevd[406]: memory359: Device is queued (SEQNUM=3945, ACTION=add, UUID=bf381740-0eff-47f7-81b3-346631c66868)
Apr 15 11:32:54 localhost.localdomain udevadm[412]: platform:100000.clock-controller--platform:aaf0000.clock-controller: Triggered device with action 'add'.
Apr 15 11:32:54 localhost.localdomain systemd-udevd[406]: memory360: Device is queued (SEQNUM=3946, ACTION=add, UUID=8ff0d2de-ef77-485c-9a84-60653366c101)
Apr 15 11:32:54 localhost.localdomain udevadm[412]: platform:100000.clock-controller--platform:ac0000.geniqup: Triggered device with action 'add'.
Apr 15 11:32:54 localhost.localdomain udevadm[412]: platform:100000.clock-controller--platform:ade0000.clock-controller: Triggered device with action 'add'.
Apr 15 11:32:54 localhost.localdomain systemd-udevd[406]: memory361: Device is queued (SEQNUM=3947, ACTION=add, UUID=779dd594-163f-4a33-8de0-4dcf60ad0a54)
Apr 15 11:32:54 localhost.localdomain udevadm[412]: platform:100000.clock-controller--platform:ae00000.display-subsystem: Triggered device with action 'add'.
Apr 15 11:32:54 localhost.localdomain systemd-udevd[406]: memory362: Device is queued (SEQNUM=3948, ACTION=add, UUID=c54d8fef-8397-40b0-962b-f9a7bafafb55)
Apr 15 11:32:54 localhost.localdomain udevadm[412]: platform:100000.clock-controller--platform:af00000.clock-controller: Triggered device with action 'add'.
Apr 15 11:32:54 localhost.localdomain udevadm[412]: platform:100000.clock-controller--platform:bc0000.geniqup: Triggered device with action 'add'.
Apr 15 11:32:54 localhost.localdomain systemd-udevd[406]: memory363: Device is queued (SEQNUM=3949, ACTION=add, UUID=62d5082c-9642-412b-9e5f-b953fb7fd52a)
Apr 15 11:32:54 localhost.localdomain udevadm[412]: platform:100000.clock-controller--platform:fd3000.phy: Triggered device with action 'add'.
Apr 15 11:32:54 localhost.localdomain systemd-udevd[406]: memory364: Device is queued (SEQNUM=3950, ACTION=add, UUID=65bcd589-c9a9-4d99-8953-53e1fbb5b285)
Apr 15 11:32:54 localhost.localdomain udevadm[412]: platform:100000.clock-controller--platform:fd5000.phy: Triggered device with action 'add'.
Apr 15 11:32:54 localhost.localdomain udevadm[412]: platform:100000.clock-controller--platform:fd9000.phy: Triggered device with action 'add'.
Apr 15 11:32:54 localhost.localdomain systemd-udevd[406]: memory365: Device is queued (SEQNUM=3951, ACTION=add, UUID=a646f41d-8ec1-4742-b132-507a2d886e96)
Apr 15 11:32:54 localhost.localdomain udevadm[412]: platform:100000.clock-controller--platform:fda000.phy: Triggered device with action 'add'.
Apr 15 11:32:54 localhost.localdomain systemd-udevd[406]: memory366: Device is queued (SEQNUM=3952, ACTION=add, UUID=49caee1c-b8e2-4c16-9510-c4edd43ec8e8)
Apr 15 11:32:54 localhost.localdomain udevadm[412]: platform:1500000.interconnect--platform:1bd0000.pcie: Triggered device with action 'add'.
Apr 15 11:32:54 localhost.localdomain systemd-udevd[406]: memory367: Device is queued (SEQNUM=3953, ACTION=add, UUID=8e77d95f-8ac9-471b-b908-9ca22a21d2a5)
Apr 15 11:32:54 localhost.localdomain udevadm[412]: platform:1500000.interconnect--platform:1bf8000.pci: Triggered device with action 'add'.
Apr 15 11:32:54 localhost.localdomain udevadm[412]: platform:1500000.interconnect--platform:1c08000.pci: Triggered device with action 'add'.
Apr 15 11:32:54 localhost.localdomain systemd-udevd[406]: memory368: Device is queued (SEQNUM=3954, ACTION=add, UUID=a2ddc071-acf8-415d-9e08-cc9c7220fda6)
Apr 15 11:32:54 localhost.localdomain udevadm[412]: platform:1600000.interconnect--platform:a4f8800.usb: Triggered device with action 'add'.
Apr 15 11:32:54 localhost.localdomain systemd-udevd[406]: memory369: Device is queued (SEQNUM=3955, ACTION=add, UUID=0b1fe33b-4128-47a0-a07d-fcae23f44445)
Apr 15 11:32:54 localhost.localdomain udevadm[412]: platform:1600000.interconnect--platform:a8f8800.usb: Triggered device with action 'add'.
Apr 15 11:32:54 localhost.localdomain udevadm[412]: platform:1600000.interconnect--platform:ac0000.geniqup: Triggered device with action 'add'.
Apr 15 11:32:54 localhost.localdomain systemd-udevd[406]: memory370: Device is queued (SEQNUM=3956, ACTION=add, UUID=b4d47d1b-93ef-45f6-a299-ef1b6ac5f21b)
Apr 15 11:32:54 localhost.localdomain udevadm[412]: platform:1600000.interconnect--platform:ae00000.display-subsystem: Triggered device with action 'add'.
Apr 15 11:32:54 localhost.localdomain systemd-udevd[406]: memory371: Device is queued (SEQNUM=3957, ACTION=add, UUID=cb9f3da2-faec-4472-aab7-851059a6aaac)
Apr 15 11:32:54 localhost.localdomain udevadm[412]: platform:1600000.interconnect--platform:bc0000.geniqup: Triggered device with action 'add'.
Apr 15 11:32:54 localhost.localdomain udevadm[412]: platform:16c0000.interconnect--platform:1bf8000.pci: Triggered device with action 'add'.
Apr 15 11:32:54 localhost.localdomain systemd-udevd[406]: memory372: Device is queued (SEQNUM=3958, ACTION=add, UUID=184fdbe9-4bff-410a-b14f-d879a9382486)
Apr 15 11:32:54 localhost.localdomain udevadm[412]: platform:1700000.interconnect--platform:1dfa000.crypto: Triggered device with action 'add'.
Apr 15 11:32:54 localhost.localdomain systemd-udevd[406]: memory373: Device is queued (SEQNUM=3959, ACTION=add, UUID=533cbcef-cbae-439a-9eb7-23810a502087)
Apr 15 11:32:54 localhost.localdomain udevadm[412]: platform:1700000.interconnect--platform:bc0000.geniqup: Triggered device with action 'add'.
Apr 15 11:32:54 localhost.localdomain udevadm[412]: platform:1700000.interconnect--platform:firmware:scm: Triggered device with action 'add'.
Apr 15 11:32:54 localhost.localdomain systemd-udevd[406]: memory374: Device is queued (SEQNUM=3960, ACTION=add, UUID=5e5a76c7-276a-4581-835e-d141b94cb723)
Apr 15 11:32:54 localhost.localdomain udevadm[412]: platform:1740000.interconnect--platform:1bd0000.pcie: Triggered device with action 'add'.
Apr 15 11:32:54 localhost.localdomain systemd-udevd[406]: memory375: Device is queued (SEQNUM=3961, ACTION=add, UUID=23f6161a-3831-4bc9-942e-883ea15498e2)
Apr 15 11:32:54 localhost.localdomain udevadm[412]: platform:1740000.interconnect--platform:1c08000.pci: Triggered device with action 'add'.
Apr 15 11:32:54 localhost.localdomain systemd-udevd[406]: memory376: Device is queued (SEQNUM=3962, ACTION=add, UUID=88964e2b-6d63-4bcb-bc62-8045b83ba1fa)
Apr 15 11:32:54 localhost.localdomain udevadm[412]: platform:17430000.mailbox--platform:firmware:scmi: Triggered device with action 'add'.
Apr 15 11:32:54 localhost.localdomain udevadm[412]: platform:17500000.rsc:clock-controller--platform:1fc0000.clock-controller: Triggered device with action 'add'.
Apr 15 11:32:54 localhost.localdomain systemd-udevd[406]: memory377: Device is queued (SEQNUM=3963, ACTION=add, UUID=2fd2db19-98d0-4f70-80c5-2d2bae7d59ef)
Apr 15 11:32:54 localhost.localdomain udevadm[412]: platform:17500000.rsc:clock-controller--platform:32300000.remoteproc: Triggered device with action 'add'.
Apr 15 11:32:54 localhost.localdomain systemd-udevd[406]: memory378: Device is queued (SEQNUM=3964, ACTION=add, UUID=88df4b06-4440-4ecc-ae9f-df7f54c577ad)
Apr 15 11:32:54 localhost.localdomain udevadm[412]: platform:17500000.rsc:clock-controller--platform:6800000.remoteproc: Triggered device with action 'add'.
Apr 15 11:32:54 localhost.localdomain udevadm[412]: platform:17500000.rsc:clock-controller--platform:88e3000.phy: Triggered device with action 'add'.
Apr 15 11:32:54 localhost.localdomain systemd-udevd[406]: memory379: Device is queued (SEQNUM=3965, ACTION=add, UUID=14ab4f7c-fb5e-45a7-aa64-3f0afbb29306)
Apr 15 11:32:54 localhost.localdomain udevadm[412]: platform:17500000.rsc:clock-controller--platform:88e5000.phy: Triggered device with action 'add'.
Apr 15 11:32:54 localhost.localdomain systemd-udevd[406]: memory380: Device is queued (SEQNUM=3966, ACTION=add, UUID=01180b11-ee63-4911-975d-0c208ab42326)
Apr 15 11:32:54 localhost.localdomain udevadm[412]: platform:17500000.rsc:clock-controller--platform:bc0000.geniqup: Triggered device with action 'add'.
Apr 15 11:32:54 localhost.localdomain udevadm[412]: platform:17500000.rsc:clock-controller--platform:fd5000.phy: Triggered device with action 'add'.
Apr 15 11:32:54 localhost.localdomain systemd-udevd[406]: memory381: Device is queued (SEQNUM=3967, ACTION=add, UUID=187f20f0-9452-432a-8c08-8e1d25f7ccd9)
Apr 15 11:32:54 localhost.localdomain udevadm[412]: platform:17500000.rsc:power-controller--platform:100000.clock-controller: Triggered device with action 'add'.
Apr 15 11:32:54 localhost.localdomain systemd-udevd[406]: memory382: Device is queued (SEQNUM=3968, ACTION=add, UUID=fd6d8cda-d84b-43be-ad3d-1c71f7dd5aba)
Apr 15 11:32:54 localhost.localdomain udevadm[412]: platform:17500000.rsc:power-controller--platform:32300000.remoteproc: Triggered device with action 'add'.
Apr 15 11:32:54 localhost.localdomain systemd-udevd[406]: memory383: Device is queued (SEQNUM=3969, ACTION=add, UUID=be3ea9b1-f87e-4ffe-be69-de462ed254c2)
Apr 15 11:32:54 localhost.localdomain udevadm[412]: platform:17500000.rsc:power-controller--platform:6800000.remoteproc: Triggered device with action 'add'.
Apr 15 11:32:54 localhost.localdomain udevadm[412]: platform:17500000.rsc:power-controller--platform:aaf0000.clock-controller: Triggered device with action 'add'.
Apr 15 11:32:54 localhost.localdomain systemd-udevd[406]: memory384: Device is queued (SEQNUM=3970, ACTION=add, UUID=8d23198c-3e40-4fc5-a2fb-7202aacb9d42)
Apr 15 11:32:54 localhost.localdomain udevadm[412]: platform:17500000.rsc:power-controller--platform:ac0000.geniqup: Triggered device with action 'add'.
Apr 15 11:32:54 localhost.localdomain systemd-udevd[406]: memory385: Device is queued (SEQNUM=3971, ACTION=add, UUID=c498380f-8089-4fe8-ae6c-65e1e8095a99)
Apr 15 11:32:54 localhost.localdomain udevadm[412]: platform:17500000.rsc:power-controller--platform:ade0000.clock-controller: Triggered device with action 'add'.
Apr 15 11:32:54 localhost.localdomain udevadm[412]: platform:17500000.rsc:power-controller--platform:ae00000.display-subsystem: Triggered device with action 'add'.
Apr 15 11:32:54 localhost.localdomain systemd-udevd[406]: memory386: Device is queued (SEQNUM=3972, ACTION=add, UUID=50aa17e8-b617-49bc-9546-3624f5c2d4ab)
Apr 15 11:32:54 localhost.localdomain udevadm[412]: platform:17500000.rsc:power-controller--platform:aec5a00.phy: Triggered device with action 'add'.
Apr 15 11:32:54 localhost.localdomain systemd-udevd[406]: memory387: Device is queued (SEQNUM=3973, ACTION=add, UUID=6fafd5ae-c5cf-44eb-ae18-08f4a323af83)
Apr 15 11:32:54 localhost.localdomain udevadm[412]: platform:17500000.rsc:power-controller--platform:af00000.clock-controller: Triggered device with action 'add'.
Apr 15 11:32:54 localhost.localdomain udevadm[412]: platform:17500000.rsc:power-controller--platform:bc0000.geniqup: Triggered device with action 'add'.
Apr 15 11:32:54 localhost.localdomain systemd-udevd[406]: memory388: Device is queued (SEQNUM=3974, ACTION=add, UUID=43043dc1-4cbc-4c3d-8657-a499cf989eaf)
Apr 15 11:32:54 localhost.localdomain udevadm[412]: platform:1760000.interconnect--platform:a4f8800.usb: Triggered device with action 'add'.
Apr 15 11:32:54 localhost.localdomain systemd-udevd[406]: memory389: Device is queued (SEQNUM=3975, ACTION=add, UUID=4b1041f2-64e4-4450-8da1-97d80b28c8a4)
Apr 15 11:32:54 localhost.localdomain udevadm[412]: platform:1770000.interconnect--platform:a8f8800.usb: Triggered device with action 'add'.
Apr 15 11:32:54 localhost.localdomain udevadm[412]: platform:1780000.interconnect--platform:ae00000.display-subsystem: Triggered device with action 'add'.
Apr 15 11:32:54 localhost.localdomain systemd-udevd[406]: memory390: Device is queued (SEQNUM=3976, ACTION=add, UUID=9239f336-0540-4dc9-a748-5e6b5d053584)
Apr 15 11:32:54 localhost.localdomain udevadm[412]: platform:1be0000.phy--platform:100000.clock-controller: Triggered device with action 'add'.
Apr 15 11:32:54 localhost.localdomain systemd-udevd[406]: memory391: Device is queued (SEQNUM=3977, ACTION=add, UUID=c8825f1e-99af-4b04-80d3-b5b74dbb55fd)
Apr 15 11:32:54 localhost.localdomain udevadm[412]: platform:1be0000.phy--platform:1bd0000.pcie: Triggered device with action 'add'.
Apr 15 11:32:54 localhost.localdomain systemd-udevd[406]: memory392: Device is queued (SEQNUM=3978, ACTION=add, UUID=288b2c92-ab56-4808-9723-47077b4494df)
Apr 15 11:32:54 localhost.localdomain udevadm[412]: platform:1bfc000.phy--platform:100000.clock-controller: Triggered device with action 'add'.
Apr 15 11:32:54 localhost.localdomain udevadm[412]: platform:1bfc000.phy--platform:1bf8000.pci: Triggered device with action 'add'.
Apr 15 11:32:54 localhost.localdomain systemd-udevd[406]: memory393: Device is queued (SEQNUM=3979, ACTION=add, UUID=94bb7ea8-cf10-4bab-bc28-c04ae743f526)
Apr 15 11:32:54 localhost.localdomain udevadm[412]: platform:1c0e000.phy--platform:100000.clock-controller: Triggered device with action 'add'.
Apr 15 11:32:54 localhost.localdomain systemd-udevd[406]: memory394: Device is queued (SEQNUM=3980, ACTION=add, UUID=c2c685c3-5820-4d38-aa90-bfd7f71b2e1d)
Apr 15 11:32:54 localhost.localdomain udevadm[412]: platform:1c0e000.phy--platform:1c08000.pci: Triggered device with action 'add'.
Apr 15 11:32:54 localhost.localdomain udevadm[412]: platform:1f40000.hwlock--platform:ffe00000.smem: Triggered device with action 'add'.
Apr 15 11:32:54 localhost.localdomain systemd-udevd[406]: memory395: Device is queued (SEQNUM=3981, ACTION=add, UUID=3c140051-63f8-4b6d-b2b3-19b937d6a74b)
Apr 15 11:32:54 localhost.localdomain udevadm[412]: platform:1fc0000.clock-controller--platform:1be0000.phy: Triggered device with action 'add'.
Apr 15 11:32:54 localhost.localdomain systemd-udevd[406]: memory396: Device is queued (SEQNUM=3982, ACTION=add, UUID=d28994bf-21a1-407f-b0ad-b73c7d7780b4)
Apr 15 11:32:54 localhost.localdomain udevadm[412]: platform:1fc0000.clock-controller--platform:1bfc000.phy: Triggered device with action 'add'.
Apr 15 11:32:54 localhost.localdomain udevadm[412]: platform:1fc0000.clock-controller--platform:1c0e000.phy: Triggered device with action 'add'.
Apr 15 11:32:54 localhost.localdomain systemd-udevd[406]: memory397: Device is queued (SEQNUM=3983, ACTION=add, UUID=ccfad8b1-e7a6-4749-92ef-d78e515c8085)
Apr 15 11:32:54 localhost.localdomain udevadm[412]: platform:1fc0000.clock-controller--platform:88e1000.phy: Triggered device with action 'add'.
Apr 15 11:32:54 localhost.localdomain systemd-udevd[406]: memory398: Device is queued (SEQNUM=3984, ACTION=add, UUID=de091348-da35-46b2-8214-10c0881b37df)
Apr 15 11:32:54 localhost.localdomain udevadm[412]: platform:1fc0000.clock-controller--platform:88e2000.phy: Triggered device with action 'add'.
Apr 15 11:32:54 localhost.localdomain udevadm[412]: platform:1fc0000.clock-controller--platform:aec5a00.phy: Triggered device with action 'add'.
Apr 15 11:32:54 localhost.localdomain systemd-udevd[406]: memory399: Device is queued (SEQNUM=3985, ACTION=add, UUID=46a5b1d3-fb65-4a1d-ae52-e4911c497600)
Apr 15 11:32:54 localhost.localdomain udevadm[412]: platform:1fc0000.clock-controller--platform:fd3000.phy: Triggered device with action 'add'.
Apr 15 11:32:54 localhost.localdomain systemd-udevd[406]: memory400: Device is queued (SEQNUM=3986, ACTION=add, UUID=c7d80a55-80a6-403c-85d2-bcd6b73bdef2)
Apr 15 11:32:54 localhost.localdomain udevadm[412]: platform:1fc0000.clock-controller--platform:fd9000.phy: Triggered device with action 'add'.
Apr 15 11:32:54 localhost.localdomain udevadm[412]: platform:1fc0000.clock-controller--platform:fda000.phy: Triggered device with action 'add'.
Apr 15 11:32:54 localhost.localdomain systemd-udevd[406]: memory401: Device is queued (SEQNUM=3987, ACTION=add, UUID=55e79896-ddf8-4722-9a34-3440493464d2)
Apr 15 11:32:54 localhost.localdomain udevadm[412]: platform:26400000.interconnect--platform:1bd0000.pcie: Triggered device with action 'add'.
Apr 15 11:32:54 localhost.localdomain systemd-udevd[406]: memory402: Device is queued (SEQNUM=3988, ACTION=add, UUID=7ca512d7-c8df-4a98-9e17-4c0c91e779a4)
Apr 15 11:32:54 localhost.localdomain udevadm[412]: platform:26400000.interconnect--platform:1bf8000.pci: Triggered device with action 'add'.
Apr 15 11:32:54 localhost.localdomain udevadm[412]: platform:26400000.interconnect--platform:1c08000.pci: Triggered device with action 'add'.
Apr 15 11:32:54 localhost.localdomain systemd-udevd[406]: memory403: Device is queued (SEQNUM=3989, ACTION=add, UUID=e4dde8af-d87b-4bb7-802c-82fbd58223df)
Apr 15 11:32:54 localhost.localdomain udevadm[412]: platform:26400000.interconnect--platform:240b3400.pmu: Triggered device with action 'add'.
Apr 15 11:32:54 localhost.localdomain systemd-udevd[406]: memory404: Device is queued (SEQNUM=3990, ACTION=add, UUID=94c3648e-8fbb-41da-972a-e7a16185392f)
Apr 15 11:32:54 localhost.localdomain udevadm[412]: platform:26400000.interconnect--platform:240b5400.pmu: Triggered device with action 'add'.
Apr 15 11:32:54 localhost.localdomain udevadm[412]: platform:26400000.interconnect--platform:240b6400.pmu: Triggered device with action 'add'.
Apr 15 11:32:54 localhost.localdomain systemd-udevd[406]: memory405: Device is queued (SEQNUM=3991, ACTION=add, UUID=189cc3d7-61be-4eee-8622-a0a836cdab4e)
Apr 15 11:32:54 localhost.localdomain udevadm[412]: platform:26400000.interconnect--platform:3d00000.gpu: Triggered device with action 'add'.
Apr 15 11:32:54 localhost.localdomain systemd-udevd[406]: memory406: Device is queued (SEQNUM=3992, ACTION=add, UUID=5cf05887-8ca7-4695-8d3d-5c3f34cbdc27)
Apr 15 11:32:54 localhost.localdomain udevadm[412]: platform:26400000.interconnect--platform:a4f8800.usb: Triggered device with action 'add'.
Apr 15 11:32:54 localhost.localdomain systemd-udevd[406]: memory407: Device is queued (SEQNUM=3993, ACTION=add, UUID=90ec03cf-9e32-407d-9138-1467dfa3e78c)
Apr 15 11:32:54 localhost.localdomain udevadm[412]: platform:26400000.interconnect--platform:a8f8800.usb: Triggered device with action 'add'.
Apr 15 11:32:54 localhost.localdomain udevadm[412]: platform:26400000.interconnect--platform:ac0000.geniqup: Triggered device with action 'add'.
Apr 15 11:32:54 localhost.localdomain systemd-udevd[406]: memory408: Device is queued (SEQNUM=3994, ACTION=add, UUID=724f808d-d8ef-4389-82a3-232a297d768c)
Apr 15 11:32:54 localhost.localdomain udevadm[412]: platform:26400000.interconnect--platform:ae00000.display-subsystem: Triggered device with action 'add'.
Apr 15 11:32:54 localhost.localdomain systemd-udevd[406]: memory409: Device is queued (SEQNUM=3995, ACTION=add, UUID=05c8b47a-5df2-4deb-ad87-ff90630f8832)
Apr 15 11:32:54 localhost.localdomain udevadm[412]: platform:26400000.interconnect--platform:bc0000.geniqup: Triggered device with action 'add'.
Apr 15 11:32:54 localhost.localdomain udevadm[412]: platform:320c0000.interconnect--platform:32300000.remoteproc: Triggered device with action 'add'.
Apr 15 11:32:54 localhost.localdomain systemd-udevd[406]: memory410: Device is queued (SEQNUM=3996, ACTION=add, UUID=353a1a85-6014-4456-bbab-a00d128d0f9e)
Apr 15 11:32:54 localhost.localdomain udevadm[412]: platform:3d90000.clock-controller--platform:3d6a000.gmu: Triggered device with action 'add'.
Apr 15 11:32:54 localhost.localdomain systemd-udevd[406]: memory411: Device is queued (SEQNUM=3997, ACTION=add, UUID=13088518-f415-4540-a982-3a9bd93f34b4)
Apr 15 11:32:54 localhost.localdomain udevadm[412]: platform:3d90000.clock-controller--platform:3da0000.iommu: Triggered device with action 'add'.
Apr 15 11:32:54 localhost.localdomain udevadm[412]: platform:408000.mailbox--platform:32300000.remoteproc: Triggered device with action 'add'.
Apr 15 11:32:54 localhost.localdomain systemd-udevd[406]: memory412: Device is queued (SEQNUM=3998, ACTION=add, UUID=4546e8b0-8353-4e86-9bad-386098323148)
Apr 15 11:32:54 localhost.localdomain udevadm[412]: platform:408000.mailbox--platform:6800000.remoteproc: Triggered device with action 'add'.
Apr 15 11:32:54 localhost.localdomain systemd-udevd[406]: memory413: Device is queued (SEQNUM=3999, ACTION=add, UUID=28d86683-36f1-4e29-969b-346821ceae88)
Apr 15 11:32:54 localhost.localdomain udevadm[412]: platform:408000.mailbox--platform:c300000.power-management: Triggered device with action 'add'.
Apr 15 11:32:54 localhost.localdomain udevadm[412]: platform:408000.mailbox--platform:smp2p-adsp: Triggered device with action 'add'.
Apr 15 11:32:54 localhost.localdomain systemd-udevd[406]: memory414: Device is queued (SEQNUM=4000, ACTION=add, UUID=b8775404-8289-46d6-9ea2-c8e672017d3f)
Apr 15 11:32:54 localhost.localdomain udevadm[412]: platform:408000.mailbox--platform:smp2p-cdsp: Triggered device with action 'add'.
Apr 15 11:32:54 localhost.localdomain systemd-udevd[406]: memory415: Device is queued (SEQNUM=4001, ACTION=add, UUID=6e3a2e75-ebb0-480e-bca4-58fe5f8c9e5c)
Apr 15 11:32:54 localhost.localdomain udevadm[412]: platform:6ac0000.codec--platform:6ad0000.soundwire: Triggered device with action 'add'.
Apr 15 11:32:54 localhost.localdomain udevadm[412]: platform:6ae0000.codec--platform:6d30000.soundwire: Triggered device with action 'add'.
Apr 15 11:32:54 localhost.localdomain systemd-udevd[406]: memory416: Device is queued (SEQNUM=4002, ACTION=add, UUID=2bff495e-007e-454c-a535-0493b4ece16c)
Apr 15 11:32:54 localhost.localdomain udevadm[412]: platform:6b00000.codec--platform:6b10000.soundwire: Triggered device with action 'add'.
Apr 15 11:32:54 localhost.localdomain systemd-udevd[406]: memory417: Device is queued (SEQNUM=4003, ACTION=add, UUID=fd163106-ed79-4ab6-8c4e-af6b2eef4a36)
Apr 15 11:32:54 localhost.localdomain udevadm[412]: platform:6b6c000.clock-controller--platform:6ad0000.soundwire: Triggered device with action 'add'.
Apr 15 11:32:54 localhost.localdomain udevadm[412]: platform:6b6c000.clock-controller--platform:6b10000.soundwire: Triggered device with action 'add'.
Apr 15 11:32:54 localhost.localdomain systemd-udevd[406]: memory418: Device is queued (SEQNUM=4004, ACTION=add, UUID=bb620a76-82d4-486d-ba22-d99b15c78d0e)
Apr 15 11:32:54 localhost.localdomain udevadm[412]: platform:6d44000.codec--platform:6aa0000.codec: Triggered device with action 'add'.
Apr 15 11:32:54 localhost.localdomain systemd-udevd[406]: memory419: Device is queued (SEQNUM=4005, ACTION=add, UUID=7699131d-c12a-40d9-83f7-4d571d491786)
Apr 15 11:32:54 localhost.localdomain udevadm[412]: platform:6d44000.codec--platform:6ac0000.codec: Triggered device with action 'add'.
Apr 15 11:32:54 localhost.localdomain systemd-udevd[406]: memory420: Device is queued (SEQNUM=4006, ACTION=add, UUID=1b46017e-9a2b-4bb8-8e45-b49dea3c3fab)
Apr 15 11:32:54 localhost.localdomain udevadm[412]: platform:6d44000.codec--platform:6ae0000.codec: Triggered device with action 'add'.
Apr 15 11:32:54 localhost.localdomain udevadm[412]: platform:6d44000.codec--platform:6b00000.codec: Triggered device with action 'add'.
Apr 15 11:32:54 localhost.localdomain systemd-udevd[406]: memory421: Device is queued (SEQNUM=4007, ACTION=add, UUID=88d1a266-20c5-4b45-b393-af3df471ad86)
Apr 15 11:32:54 localhost.localdomain udevadm[412]: platform:6e80000.pinctrl--platform:6b10000.soundwire: Triggered device with action 'add'.
Apr 15 11:32:54 localhost.localdomain systemd-udevd[406]: memory422: Device is queued (SEQNUM=4008, ACTION=add, UUID=9616783c-2e7f-4395-bd80-363754b83c3a)
Apr 15 11:32:54 localhost.localdomain udevadm[412]: platform:6ea0000.clock-controller--platform:6d30000.soundwire: Triggered device with action 'add'.
Apr 15 11:32:54 localhost.localdomain udevadm[412]: platform:7430000.interconnect--platform:6800000.remoteproc: Triggered device with action 'add'.
Apr 15 11:32:54 localhost.localdomain systemd-udevd[406]: memory423: Device is queued (SEQNUM=4009, ACTION=add, UUID=8d13c4fa-5eaa-4abc-82d1-ee1c72630bb9)
Apr 15 11:32:54 localhost.localdomain udevadm[412]: platform:88e1000.phy--platform:a4f8800.usb: Triggered device with action 'add'.
Apr 15 11:32:54 localhost.localdomain systemd-udevd[406]: memory424: Device is queued (SEQNUM=4010, ACTION=add, UUID=08b23c42-4655-4bee-8c73-1b099096cb4b)
Apr 15 11:32:54 localhost.localdomain udevadm[412]: platform:88e2000.phy--platform:a4f8800.usb: Triggered device with action 'add'.
Apr 15 11:32:54 localhost.localdomain udevadm[412]: platform:88e3000.phy--platform:a4f8800.usb: Triggered device with action 'add'.
Apr 15 11:32:54 localhost.localdomain systemd-udevd[406]: memory425: Device is queued (SEQNUM=4011, ACTION=add, UUID=f2afaf7a-1798-4760-b35e-6056e3bc9d1b)
Apr 15 11:32:54 localhost.localdomain udevadm[412]: platform:88e5000.phy--platform:a4f8800.usb: Triggered device with action 'add'.
Apr 15 11:32:54 localhost.localdomain systemd-udevd[406]: memory426: Device is queued (SEQNUM=4012, ACTION=add, UUID=7bf8dfa3-9d9a-4586-ba41-73a51faed037)
Apr 15 11:32:54 localhost.localdomain udevadm[412]: platform:aec5a00.phy--platform:ae00000.display-subsystem: Triggered device with action 'add'.
Apr 15 11:32:54 localhost.localdomain systemd-udevd[406]: memory427: Device is queued (SEQNUM=4013, ACTION=add, UUID=cbb4bb11-d129-4c79-bb63-38098a56e103)
Apr 15 11:32:54 localhost.localdomain udevadm[412]: platform:af00000.clock-controller--platform:ae00000.display-subsystem: Triggered device with action 'add'.
Apr 15 11:32:54 localhost.localdomain udevadm[412]: platform:af00000.clock-controller--platform:aec5a00.phy: Triggered device with action 'add'.
Apr 15 11:32:54 localhost.localdomain systemd-udevd[406]: memory428: Device is queued (SEQNUM=4014, ACTION=add, UUID=561af235-2d70-46f2-99ae-de986fc12033)
Apr 15 11:32:54 localhost.localdomain udevadm[412]: platform:b220000.interrupt-controller--platform:6800000.remoteproc: Triggered device with action 'add'.
Apr 15 11:32:54 localhost.localdomain systemd-udevd[406]: memory429: Device is queued (SEQNUM=4015, ACTION=add, UUID=d0a8c610-78c5-457b-825d-16bb1452896d)
Apr 15 11:32:54 localhost.localdomain udevadm[412]: platform:b220000.interrupt-controller--platform:a4f8800.usb: Triggered device with action 'add'.
Apr 15 11:32:54 localhost.localdomain udevadm[412]: platform:b220000.interrupt-controller--platform:a6f8800.usb: Triggered device with action 'add'.
Apr 15 11:32:54 localhost.localdomain systemd-udevd[406]: memory430: Device is queued (SEQNUM=4016, ACTION=add, UUID=777d4c05-9aaf-4a7d-8479-3031229118f1)
Apr 15 11:32:54 localhost.localdomain udevadm[412]: platform:b220000.interrupt-controller--platform:a8f8800.usb: Triggered device with action 'add'.
Apr 15 11:32:54 localhost.localdomain systemd-udevd[406]: memory431: Device is queued (SEQNUM=4017, ACTION=add, UUID=3b4a216b-6f05-44d9-8b81-710cef816d67)
Apr 15 11:32:54 localhost.localdomain udevadm[412]: platform:b220000.interrupt-controller--platform:c271000.thermal-sensor: Triggered device with action 'add'.
Apr 15 11:32:54 localhost.localdomain systemd-udevd[406]: memory432: Device is queued (SEQNUM=4018, ACTION=add, UUID=c6ecf0ac-ac98-4a93-9ccf-4af7e1bbfdcf)
Apr 15 11:32:54 localhost.localdomain udevadm[412]: platform:b220000.interrupt-controller--platform:c272000.thermal-sensor: Triggered device with action 'add'.
Apr 15 11:32:54 localhost.localdomain udevadm[412]: platform:b220000.interrupt-controller--platform:c273000.thermal-sensor: Triggered device with action 'add'.
Apr 15 11:32:54 localhost.localdomain systemd-udevd[406]: memory433: Device is queued (SEQNUM=4019, ACTION=add, UUID=811a1fcd-4594-4882-9e63-e1273cdd52e0)
Apr 15 11:32:54 localhost.localdomain udevadm[412]: platform:b220000.interrupt-controller--platform:c274000.thermal-sensor: Triggered device with action 'add'.
Apr 15 11:32:54 localhost.localdomain systemd-udevd[406]: memory434: Device is queued (SEQNUM=4020, ACTION=add, UUID=06b8a1b6-2fb6-44e5-8181-4cd25796f5d5)
Apr 15 11:32:54 localhost.localdomain udevadm[412]: platform:b220000.interrupt-controller--platform:c400000.arbiter: Triggered device with action 'add'.
Apr 15 11:32:54 localhost.localdomain udevadm[412]: platform:b220000.interrupt-controller--platform:f100000.pinctrl: Triggered device with action 'add'.
Apr 15 11:32:54 localhost.localdomain systemd-udevd[406]: memory435: Device is queued (SEQNUM=4021, ACTION=add, UUID=1105225f-c901-494e-80b5-1de892c70c68)
Apr 15 11:32:54 localhost.localdomain udevadm[412]: platform:backlight--platform:ae00000.display-subsystem: Triggered device with action 'add'.
Apr 15 11:32:54 localhost.localdomain systemd-udevd[406]: memory4352: Device is queued (SEQNUM=4022, ACTION=add, UUID=01783ef4-a6e4-4f07-bf51-47c837e0ad7d)
Apr 15 11:32:54 localhost.localdomain udevadm[412]: platform:c300000.power-management--amba:10002000.stm: Triggered device with action 'add'.
Apr 15 11:32:54 localhost.localdomain udevadm[412]: platform:c300000.power-management--amba:10004000.tpda: Triggered device with action 'add'.
