Apr 15 11:32:54 localhost.localdomain systemd-udevd[406]: memory4353: Device is queued (SEQNUM=4023, ACTION=add, UUID=deeba18e-2c0d-459b-bc63-2f078dd363d5)
Apr 15 11:32:54 localhost.localdomain udevadm[412]: platform:c300000.power-management--amba:1000f000.tpdm: Triggered device with action 'add'.
Apr 15 11:32:54 localhost.localdomain systemd-udevd[406]: memory4354: Device is queued (SEQNUM=4024, ACTION=add, UUID=dde123c2-1dcf-47c1-8d56-3c38a4d64185)
Apr 15 11:32:54 localhost.localdomain udevadm[412]: platform:c300000.power-management--amba:10041000.funnel: Triggered device with action 'add'.
Apr 15 11:32:54 localhost.localdomain udevadm[412]: platform:c300000.power-management--amba:10042000.funnel: Triggered device with action 'add'.
Apr 15 11:32:54 localhost.localdomain systemd-udevd[406]: memory4355: Device is queued (SEQNUM=4025, ACTION=add, UUID=70de9a7a-4f8d-40cc-b384-a22f40253762)
Apr 15 11:32:54 localhost.localdomain udevadm[412]: platform:c300000.power-management--amba:10045000.funnel: Triggered device with action 'add'.
Apr 15 11:32:54 localhost.localdomain systemd-udevd[406]: memory4356: Device is queued (SEQNUM=4026, ACTION=add, UUID=cd63f9cd-3f9f-41c7-a085-574e315ac1bf)
Apr 15 11:32:54 localhost.localdomain udevadm[412]: platform:c300000.power-management--amba:10800000.tpdm: Triggered device with action 'add'.
Apr 15 11:32:54 localhost.localdomain udevadm[412]: platform:c300000.power-management--amba:1082c000.tpdm: Triggered device with action 'add'.
Apr 15 11:32:54 localhost.localdomain systemd-udevd[406]: memory4357: Device is queued (SEQNUM=4027, ACTION=add, UUID=2e0cd847-1310-4d23-9d98-f80a4fed9994)
Apr 15 11:32:54 localhost.localdomain udevadm[412]: platform:c300000.power-management--amba:10841000.tpdm: Triggered device with action 'add'.
Apr 15 11:32:54 localhost.localdomain systemd-udevd[406]: memory4358: Device is queued (SEQNUM=4028, ACTION=add, UUID=7edb407b-08b3-497c-9d44-69f1d4f23473)
Apr 15 11:32:54 localhost.localdomain udevadm[412]: platform:c300000.power-management--amba:10844000.tpdm: Triggered device with action 'add'.
Apr 15 11:32:54 localhost.localdomain udevadm[412]: platform:c300000.power-management--amba:10846000.funnel: Triggered device with action 'add'.
Apr 15 11:32:54 localhost.localdomain systemd-udevd[406]: memory4359: Device is queued (SEQNUM=4029, ACTION=add, UUID=f8f94a4b-562a-493e-b929-7e759667902d)
Apr 15 11:32:54 localhost.localdomain udevadm[412]: platform:c300000.power-management--amba:1098b000.cti: Triggered device with action 'add'.
Apr 15 11:32:54 localhost.localdomain systemd-udevd[406]: memory436: Device is queued (SEQNUM=4030, ACTION=add, UUID=e0a3fa6a-f327-4419-8de0-fc36b49f57ac)
Apr 15 11:32:54 localhost.localdomain udevadm[412]: platform:c300000.power-management--amba:10ac1000.tpdm: Triggered device with action 'add'.
Apr 15 11:32:54 localhost.localdomain udevadm[412]: platform:c300000.power-management--amba:10ac4000.tpda: Triggered device with action 'add'.
Apr 15 11:32:54 localhost.localdomain systemd-udevd[406]: memory4360: Device is queued (SEQNUM=4031, ACTION=add, UUID=e5db265e-1005-4294-a294-f54d017a7d5a)
Apr 15 11:32:54 localhost.localdomain udevadm[412]: platform:c300000.power-management--amba:10ac5000.funnel: Triggered device with action 'add'.
Apr 15 11:32:54 localhost.localdomain systemd-udevd[406]: memory4361: Device is queued (SEQNUM=4032, ACTION=add, UUID=03456906-35b5-4627-97e8-44323c439b26)
Apr 15 11:32:54 localhost.localdomain udevadm[412]: platform:c300000.power-management--amba:10b04000.funnel: Triggered device with action 'add'.
Apr 15 11:32:54 localhost.localdomain systemd-udevd[406]: memory4362: Device is queued (SEQNUM=4033, ACTION=add, UUID=48aac617-6db3-4d9f-b26e-35f296476279)
Apr 15 11:32:54 localhost.localdomain udevadm[412]: platform:c300000.power-management--amba:10b05000.tmc: Triggered device with action 'add'.
Apr 15 11:32:54 localhost.localdomain udevadm[412]: platform:c300000.power-management--amba:10b06000.replicator: Triggered device with action 'add'.
Apr 15 11:32:54 localhost.localdomain systemd-udevd[406]: memory4363: Device is queued (SEQNUM=4034, ACTION=add, UUID=dcb00429-9b49-43c9-8212-121c4afc6b8a)
Apr 15 11:32:54 localhost.localdomain udevadm[412]: platform:c300000.power-management--amba:10b08000.tpda: Triggered device with action 'add'.
Apr 15 11:32:54 localhost.localdomain systemd-udevd[406]: memory4364: Device is queued (SEQNUM=4035, ACTION=add, UUID=7b5b2fa8-00fe-442a-91d2-185368aa37ac)
Apr 15 11:32:54 localhost.localdomain udevadm[412]: platform:c300000.power-management--amba:10b09000.tpdm: Triggered device with action 'add'.
Apr 15 11:32:54 localhost.localdomain udevadm[412]: platform:c300000.power-management--amba:10b0a000.tpdm: Triggered device with action 'add'.
Apr 15 11:32:54 localhost.localdomain systemd-udevd[406]: memory4365: Device is queued (SEQNUM=4036, ACTION=add, UUID=da6831fd-f701-44e8-aab0-0b27ffb8f758)
Apr 15 11:32:54 localhost.localdomain udevadm[412]: platform:c300000.power-management--amba:10b0b000.tpdm: Triggered device with action 'add'.
Apr 15 11:32:54 localhost.localdomain systemd-udevd[406]: memory4366: Device is queued (SEQNUM=4037, ACTION=add, UUID=36f662a5-685c-4aee-9ce7-ddf315b11b9a)
Apr 15 11:32:54 localhost.localdomain udevadm[412]: platform:c300000.power-management--amba:10b0c000.tpdm: Triggered device with action 'add'.
Apr 15 11:32:54 localhost.localdomain udevadm[412]: platform:c300000.power-management--amba:10b0d000.tpdm: Triggered device with action 'add'.
Apr 15 11:32:54 localhost.localdomain systemd-udevd[406]: memory4367: Device is queued (SEQNUM=4038, ACTION=add, UUID=5412bb02-7ea1-4e03-afb5-39e8e99473b1)
Apr 15 11:32:54 localhost.localdomain udevadm[412]: platform:c300000.power-management--amba:10c08000.tpdm: Triggered device with action 'add'.
Apr 15 11:32:54 localhost.localdomain systemd-udevd[406]: memory4368: Device is queued (SEQNUM=4039, ACTION=add, UUID=548fa8c7-2139-46af-9fb7-939e0e80093f)
Apr 15 11:32:54 localhost.localdomain udevadm[412]: platform:c300000.power-management--amba:10c0b000.funnel: Triggered device with action 'add'.
Apr 15 11:32:54 localhost.localdomain udevadm[412]: platform:c300000.power-management--amba:10c28000.tpdm: Triggered device with action 'add'.
Apr 15 11:32:54 localhost.localdomain systemd-udevd[406]: memory4369: Device is queued (SEQNUM=4040, ACTION=add, UUID=492bee26-738b-4404-be3e-1f454108d85f)
Apr 15 11:32:54 localhost.localdomain udevadm[412]: platform:c300000.power-management--amba:10c29000.tpdm: Triggered device with action 'add'.
Apr 15 11:32:54 localhost.localdomain systemd-udevd[406]: memory437: Device is queued (SEQNUM=4041, ACTION=add, UUID=d5387861-5bdc-4837-905b-4b9996f1f97e)
Apr 15 11:32:54 localhost.localdomain udevadm[412]: platform:c300000.power-management--amba:10c2b000.tpda: Triggered device with action 'add'.
Apr 15 11:32:54 localhost.localdomain udevadm[412]: platform:c300000.power-management--amba:10c2c000.funnel: Triggered device with action 'add'.
Apr 15 11:32:54 localhost.localdomain systemd-udevd[406]: memory4370: Device is queued (SEQNUM=4042, ACTION=add, UUID=96e0e37d-7153-48aa-8c9b-30ba7bad4702)
Apr 15 11:32:54 localhost.localdomain udevadm[412]: platform:c300000.power-management--amba:10c38000.tpdm: Triggered device with action 'add'.
Apr 15 11:32:54 localhost.localdomain systemd-udevd[406]: memory4371: Device is queued (SEQNUM=4043, ACTION=add, UUID=c4c151fd-6f6f-4ca8-be76-5669cdd23147)
Apr 15 11:32:54 localhost.localdomain udevadm[412]: platform:c300000.power-management--amba:10c39000.tpdm: Triggered device with action 'add'.
Apr 15 11:32:54 localhost.localdomain udevadm[412]: platform:c300000.power-management--amba:10c3c000.tpda: Triggered device with action 'add'.
Apr 15 11:32:54 localhost.localdomain systemd-udevd[406]: memory4372: Device is queued (SEQNUM=4044, ACTION=add, UUID=8c2efd1f-b93d-45b9-b171-551120fb70c6)
Apr 15 11:32:54 localhost.localdomain udevadm[412]: platform:c300000.power-management--amba:10c3d000.funnel: Triggered device with action 'add'.
Apr 15 11:32:54 localhost.localdomain systemd-udevd[406]: memory4373: Device is queued (SEQNUM=4045, ACTION=add, UUID=909a59ef-dfb0-4c32-a177-6c0a823c6aed)
Apr 15 11:32:54 localhost.localdomain udevadm[412]: platform:c300000.power-management--amba:10cc4000.tpda: Triggered device with action 'add'.
Apr 15 11:32:54 localhost.localdomain systemd-udevd[406]: memory4374: Device is queued (SEQNUM=4046, ACTION=add, UUID=b6a6d625-c8ca-4f16-975f-72648be6d600)
Apr 15 11:32:54 localhost.localdomain udevadm[412]: platform:c300000.power-management--amba:10cc5000.funnel: Triggered device with action 'add'.
Apr 15 11:32:54 localhost.localdomain udevadm[412]: platform:c300000.power-management--amba:10d04000.funnel: Triggered device with action 'add'.
Apr 15 11:32:54 localhost.localdomain systemd-udevd[406]: memory4375: Device is queued (SEQNUM=4047, ACTION=add, UUID=cf23f2d9-56d9-401e-8da4-9e3b2c886518)
Apr 15 11:32:54 localhost.localdomain udevadm[412]: platform:c300000.power-management--amba:10d08000.tpdm: Triggered device with action 'add'.
Apr 15 11:32:54 localhost.localdomain systemd-udevd[406]: memory4376: Device is queued (SEQNUM=4048, ACTION=add, UUID=11f7987c-6051-43b1-aa98-05ad2d4b2a3f)
Apr 15 11:32:54 localhost.localdomain udevadm[412]: platform:c300000.power-management--amba:10d09000.tpdm: Triggered device with action 'add'.
Apr 15 11:32:54 localhost.localdomain udevadm[412]: platform:c300000.power-management--amba:10d0a000.tpdm: Triggered device with action 'add'.
Apr 15 11:32:54 localhost.localdomain systemd-udevd[406]: memory4377: Device is queued (SEQNUM=4049, ACTION=add, UUID=0a9160da-7a81-4d6f-bc69-fe44661f5fa2)
Apr 15 11:32:54 localhost.localdomain udevadm[412]: platform:c300000.power-management--amba:10d0b000.tpdm: Triggered device with action 'add'.
Apr 15 11:32:54 localhost.localdomain systemd-udevd[406]: memory4378: Device is queued (SEQNUM=4050, ACTION=add, UUID=e490c998-fb80-4639-b8a4-e30221690d6f)
Apr 15 11:32:54 localhost.localdomain udevadm[412]: platform:c300000.power-management--amba:10d0c000.tpdm: Triggered device with action 'add'.
Apr 15 11:32:54 localhost.localdomain udevadm[412]: platform:c300000.power-management--amba:10d0d000.tpdm: Triggered device with action 'add'.
Apr 15 11:32:54 localhost.localdomain systemd-udevd[406]: memory4379: Device is queued (SEQNUM=4051, ACTION=add, UUID=c9bdca3c-eda1-43a1-a815-9c0085627559)
Apr 15 11:32:54 localhost.localdomain udevadm[412]: platform:c300000.power-management--amba:10d0e000.tpdm: Triggered device with action 'add'.
Apr 15 11:32:54 localhost.localdomain systemd-udevd[406]: memory438: Device is queued (SEQNUM=4052, ACTION=add, UUID=d700a7a2-977f-497b-969e-9551b52b275b)
Apr 15 11:32:54 localhost.localdomain udevadm[412]: platform:c300000.power-management--amba:10d0f000.tpdm: Triggered device with action 'add'.
Apr 15 11:32:54 localhost.localdomain udevadm[412]: platform:c300000.power-management--amba:10d12000.tpda: Triggered device with action 'add'.
Apr 15 11:32:54 localhost.localdomain systemd-udevd[406]: memory4380: Device is queued (SEQNUM=4053, ACTION=add, UUID=95c404c3-0558-48e9-980e-aadcc650dead)
Apr 15 11:32:54 localhost.localdomain udevadm[412]: platform:c300000.power-management--amba:10d13000.funnel: Triggered device with action 'add'.
Apr 15 11:32:54 localhost.localdomain systemd-udevd[406]: memory4381: Device is queued (SEQNUM=4054, ACTION=add, UUID=77ade457-d5a5-46b2-858e-9b666cdb0ac5)
Apr 15 11:32:54 localhost.localdomain udevadm[412]: platform:dummy-sink--amba:10b06000.replicator: Triggered device with action 'add'.
Apr 15 11:32:54 localhost.localdomain udevadm[412]: platform:f100000.pinctrl--platform:1bd0000.pcie: Triggered device with action 'add'.
Apr 15 11:32:54 localhost.localdomain systemd-udevd[406]: memory4382: Device is queued (SEQNUM=4055, ACTION=add, UUID=8dc5c255-7d8e-489d-b435-363479efdb52)
Apr 15 11:32:54 localhost.localdomain udevadm[412]: platform:f100000.pinctrl--platform:1bf8000.pci: Triggered device with action 'add'.
Apr 15 11:32:54 localhost.localdomain systemd-udevd[406]: memory4383: Device is queued (SEQNUM=4056, ACTION=add, UUID=a2cc6700-8050-4b2b-8237-14160cab7438)
Apr 15 11:32:54 localhost.localdomain udevadm[412]: platform:f100000.pinctrl--platform:1c08000.pci: Triggered device with action 'add'.
Apr 15 11:32:54 localhost.localdomain udevadm[412]: platform:f100000.pinctrl--platform:audio-codec: Triggered device with action 'add'.
Apr 15 11:32:54 localhost.localdomain systemd-udevd[406]: memory4384: Device is queued (SEQNUM=4057, ACTION=add, UUID=fc191967-3350-4be2-b80c-6076610cfa7c)
Apr 15 11:32:54 localhost.localdomain udevadm[412]: platform:f100000.pinctrl--platform:bc0000.geniqup: Triggered device with action 'add'.
Apr 15 11:32:54 localhost.localdomain systemd-udevd[406]: memory4385: Device is queued (SEQNUM=4058, ACTION=add, UUID=77c238ed-95a0-435d-8cfc-3c9ca45605e9)
Apr 15 11:32:54 localhost.localdomain udevadm[412]: platform:f100000.pinctrl--platform:gpio-keys: Triggered device with action 'add'.
Apr 15 11:32:54 localhost.localdomain systemd-udevd[406]: memory4386: Device is queued (SEQNUM=4059, ACTION=add, UUID=6c078d43-c68d-41e6-9245-2e4a95e278f3)
Apr 15 11:32:54 localhost.localdomain udevadm[412]: platform:f100000.pinctrl--platform:leds: Triggered device with action 'add'.
Apr 15 11:32:54 localhost.localdomain udevadm[412]: platform:f100000.pinctrl--platform:pmic-glink: Triggered device with action 'add'.
Apr 15 11:32:54 localhost.localdomain systemd-udevd[406]: memory4387: Device is queued (SEQNUM=4060, ACTION=add, UUID=b53546d4-494d-4ae0-bfce-8538362098e8)
Apr 15 11:32:54 localhost.localdomain udevadm[412]: platform:f100000.pinctrl--platform:regulator-edp-3p3: Triggered device with action 'add'.
Apr 15 11:32:54 localhost.localdomain systemd-udevd[406]: memory4388: Device is queued (SEQNUM=4061, ACTION=add, UUID=f3f83464-04bc-4cff-a667-e6b05e652b66)
Apr 15 11:32:54 localhost.localdomain udevadm[412]: platform:f100000.pinctrl--platform:regulator-nvme: Triggered device with action 'add'.
Apr 15 11:32:54 localhost.localdomain udevadm[412]: platform:f100000.pinctrl--platform:regulator-rtmr1-1p15: Triggered device with action 'add'.
Apr 15 11:32:54 localhost.localdomain systemd-udevd[406]: memory4389: Device is queued (SEQNUM=4062, ACTION=add, UUID=1e012aef-f2f4-4edd-8e8e-5c0404aa75a2)
Apr 15 11:32:54 localhost.localdomain udevadm[412]: platform:f100000.pinctrl--platform:regulator-rtmr1-1p8: Triggered device with action 'add'.
Apr 15 11:32:54 localhost.localdomain systemd-udevd[406]: memory439: Device is queued (SEQNUM=4063, ACTION=add, UUID=7b68645c-31bd-4296-aa8b-4bfaa96fe1ff)
Apr 15 11:32:54 localhost.localdomain udevadm[412]: platform:f100000.pinctrl--platform:regulator-rtmr1-3p3: Triggered device with action 'add'.
Apr 15 11:32:54 localhost.localdomain udevadm[412]: platform:f100000.pinctrl--platform:regulator-wcn-3p3: Triggered device with action 'add'.
Apr 15 11:32:54 localhost.localdomain systemd-udevd[406]: memory4390: Device is queued (SEQNUM=4064, ACTION=add, UUID=4507f955-e00b-4f8b-855f-e179eb1b562f)
Apr 15 11:32:54 localhost.localdomain udevadm[412]: platform:f100000.pinctrl--platform:wcn7850-pmu: Triggered device with action 'add'.
Apr 15 11:32:54 localhost.localdomain systemd-udevd[406]: memory4391: Device is queued (SEQNUM=4065, ACTION=add, UUID=fd092b13-43e2-47e1-a8aa-4fd5f4ab252a)
Apr 15 11:32:54 localhost.localdomain udevadm[412]: platform:fd3000.phy--platform:a6f8800.usb: Triggered device with action 'add'.
Apr 15 11:32:54 localhost.localdomain udevadm[412]: platform:fd5000.phy--platform:a6f8800.usb: Triggered device with action 'add'.
Apr 15 11:32:54 localhost.localdomain systemd-udevd[406]: memory4392: Device is queued (SEQNUM=4066, ACTION=add, UUID=d3f8db79-8fc5-4a0c-a422-999249bee353)
Apr 15 11:32:54 localhost.localdomain udevadm[412]: platform:fd5000.phy--platform:ae00000.display-subsystem: Triggered device with action 'add'.
Apr 15 11:32:54 localhost.localdomain systemd-udevd[406]: memory4393: Device is queued (SEQNUM=4067, ACTION=add, UUID=b2a1341f-d092-45fb-abc3-9530bbb82d05)
Apr 15 11:32:54 localhost.localdomain udevadm[412]: platform:fd5000.phy--platform:bc0000.geniqup: Triggered device with action 'add'.
Apr 15 11:32:54 localhost.localdomain udevadm[412]: platform:fd9000.phy--platform:a8f8800.usb: Triggered device with action 'add'.
Apr 15 11:32:54 localhost.localdomain systemd-udevd[406]: memory4394: Device is queued (SEQNUM=4068, ACTION=add, UUID=1353c102-d393-4782-99af-4dbbb61d90ce)
Apr 15 11:32:54 localhost.localdomain udevadm[412]: platform:fda000.phy--platform:a8f8800.usb: Triggered device with action 'add'.
Apr 15 11:32:54 localhost.localdomain systemd-udevd[406]: memory4395: Device is queued (SEQNUM=4069, ACTION=add, UUID=a0133252-033b-4c19-836b-29dcdc46c760)
Apr 15 11:32:54 localhost.localdomain udevadm[412]: platform:fda000.phy--platform:ae00000.display-subsystem: Triggered device with action 'add'.
Apr 15 11:32:54 localhost.localdomain udevadm[412]: platform:fda000.phy--platform:bc0000.geniqup: Triggered device with action 'add'.
Apr 15 11:32:54 localhost.localdomain systemd-udevd[406]: memory4396: Device is queued (SEQNUM=4070, ACTION=add, UUID=3e5f15f1-a1df-45b7-b899-bff5765a9d1e)
Apr 15 11:32:54 localhost.localdomain udevadm[412]: platform:interconnect-0--platform:ac0000.geniqup: Triggered device with action 'add'.
Apr 15 11:32:54 localhost.localdomain systemd-udevd[406]: memory4397: Device is queued (SEQNUM=4071, ACTION=add, UUID=fbaa8e36-b05c-45d2-b288-6cadef866759)
Apr 15 11:32:54 localhost.localdomain udevadm[412]: platform:interconnect-0--platform:bc0000.geniqup: Triggered device with action 'add'.
Apr 15 11:32:54 localhost.localdomain systemd-udevd[406]: memory4398: Device is queued (SEQNUM=4072, ACTION=add, UUID=854dcf10-3e0e-4cd5-9d61-c9ba903300f5)
Apr 15 11:32:54 localhost.localdomain udevadm[412]: platform:interconnect-1--platform:1bd0000.pcie: Triggered device with action 'add'.
Apr 15 11:32:54 localhost.localdomain udevadm[412]: platform:interconnect-1--platform:1bf8000.pci: Triggered device with action 'add'.
Apr 15 11:32:54 localhost.localdomain systemd-udevd[406]: memory4399: Device is queued (SEQNUM=4073, ACTION=add, UUID=05a42a99-424f-427d-a8ae-1fb73d607c20)
Apr 15 11:32:54 localhost.localdomain udevadm[412]: platform:interconnect-1--platform:1c08000.pci: Triggered device with action 'add'.
Apr 15 11:32:54 localhost.localdomain systemd-udevd[406]: memory440: Device is queued (SEQNUM=4074, ACTION=add, UUID=fe59aad5-218f-4138-bf02-b45953adb9ef)
Apr 15 11:32:54 localhost.localdomain udevadm[412]: platform:interconnect-1--platform:1dfa000.crypto: Triggered device with action 'add'.
Apr 15 11:32:54 localhost.localdomain udevadm[412]: platform:interconnect-1--platform:24091000.pmu: Triggered device with action 'add'.
Apr 15 11:32:54 localhost.localdomain systemd-udevd[406]: memory4400: Device is queued (SEQNUM=4075, ACTION=add, UUID=570c50ce-ff64-4bc0-b175-744fbe253746)
Apr 15 11:32:54 localhost.localdomain udevadm[412]: platform:interconnect-1--platform:32300000.remoteproc: Triggered device with action 'add'.
Apr 15 11:32:54 localhost.localdomain systemd-udevd[406]: memory4401: Device is queued (SEQNUM=4076, ACTION=add, UUID=b566171a-a6a1-476f-a43e-607ba589e782)
Apr 15 11:32:54 localhost.localdomain udevadm[412]: platform:interconnect-1--platform:3d00000.gpu: Triggered device with action 'add'.
Apr 15 11:32:54 localhost.localdomain udevadm[412]: platform:interconnect-1--platform:6800000.remoteproc: Triggered device with action 'add'.
Apr 15 11:32:54 localhost.localdomain systemd-udevd[406]: memory4402: Device is queued (SEQNUM=4077, ACTION=add, UUID=1edf7b67-3d2d-4cac-8cdb-d79be001ab98)
Apr 15 11:32:54 localhost.localdomain udevadm[412]: platform:interconnect-1--platform:a4f8800.usb: Triggered device with action 'add'.
Apr 15 11:32:54 localhost.localdomain systemd-udevd[406]: memory4403: Device is queued (SEQNUM=4078, ACTION=add, UUID=89745b4c-e503-4b26-9c9e-cd0b5ae53cf0)
Apr 15 11:32:54 localhost.localdomain udevadm[412]: platform:interconnect-1--platform:a8f8800.usb: Triggered device with action 'add'.
Apr 15 11:32:54 localhost.localdomain udevadm[412]: platform:interconnect-1--platform:ae00000.display-subsystem: Triggered device with action 'add'.
Apr 15 11:32:54 localhost.localdomain systemd-udevd[406]: memory4404: Device is queued (SEQNUM=4079, ACTION=add, UUID=9c925778-c93b-4aa3-89c8-de339e63e3c6)
Apr 15 11:32:54 localhost.localdomain udevadm[412]: platform:interconnect-1--platform:bc0000.geniqup: Triggered device with action 'add'.
Apr 15 11:32:54 localhost.localdomain systemd-udevd[406]: memory4405: Device is queued (SEQNUM=4080, ACTION=add, UUID=be4bef45-c90a-4bd5-b325-c57f8a1485c9)
Apr 15 11:32:54 localhost.localdomain udevadm[412]: platform:interconnect-1--platform:firmware:scm: Triggered device with action 'add'.
Apr 15 11:32:54 localhost.localdomain udevadm[412]: platform:regulator-edp-3p3--platform:ae00000.display-subsystem: Triggered device with action 'add'.
Apr 15 11:32:54 localhost.localdomain systemd-udevd[406]: memory4406: Device is queued (SEQNUM=4081, ACTION=add, UUID=a5b8af04-afbc-4a0a-a9ea-23a33596d4de)
Apr 15 11:32:54 localhost.localdomain udevadm[412]: platform:regulator-nvme--platform:1bf8000.pci: Triggered device with action 'add'.
Apr 15 11:32:54 localhost.localdomain systemd-udevd[406]: memory4407: Device is queued (SEQNUM=4082, ACTION=add, UUID=dae55bb0-f071-426d-babd-bc1fa59e14e3)
Apr 15 11:32:54 localhost.localdomain udevadm[412]: platform:regulator-rtmr0-1p15--platform:bc0000.geniqup: Triggered device with action 'add'.
Apr 15 11:32:54 localhost.localdomain udevadm[412]: platform:regulator-rtmr0-1p8--platform:bc0000.geniqup: Triggered device with action 'add'.
Apr 15 11:32:54 localhost.localdomain systemd-udevd[406]: memory4408: Device is queued (SEQNUM=4083, ACTION=add, UUID=488796da-ba59-482f-a46d-21c27ad28b2b)
Apr 15 11:32:54 localhost.localdomain udevadm[412]: platform:regulator-rtmr0-3p3--platform:bc0000.geniqup: Triggered device with action 'add'.
Apr 15 11:32:54 localhost.localdomain systemd-udevd[406]: memory4409: Device is queued (SEQNUM=4084, ACTION=add, UUID=826b220f-319c-42a0-8ef2-c324d6b1236a)
Apr 15 11:32:54 localhost.localdomain udevadm[412]: platform:regulator-rtmr1-1p15--platform:bc0000.geniqup: Triggered device with action 'add'.
Apr 15 11:32:54 localhost.localdomain udevadm[412]: platform:regulator-rtmr1-1p8--platform:bc0000.geniqup: Triggered device with action 'add'.
Apr 15 11:32:54 localhost.localdomain systemd-udevd[406]: memory441: Device is queued (SEQNUM=4085, ACTION=add, UUID=195b0e04-af12-4640-9a02-93402399ccca)
Apr 15 11:32:54 localhost.localdomain udevadm[412]: platform:regulator-rtmr1-3p3--platform:bc0000.geniqup: Triggered device with action 'add'.
Apr 15 11:32:54 localhost.localdomain systemd-udevd[406]: memory4410: Device is queued (SEQNUM=4086, ACTION=add, UUID=be21b8b8-329b-465a-9ec0-d033aa168a80)
Apr 15 11:32:54 localhost.localdomain udevadm[412]: platform:regulator-vph-pwr--platform:17500000.rsc:regulators-0: Triggered device with action 'add'.
Apr 15 11:32:54 localhost.localdomain systemd-udevd[406]: memory4411: Device is queued (SEQNUM=4087, ACTION=add, UUID=11958be9-89f2-4379-8a3c-438be7794ad5)
Apr 15 11:32:54 localhost.localdomain udevadm[412]: platform:regulator-vph-pwr--platform:17500000.rsc:regulators-1: Triggered device with action 'add'.
Apr 15 11:32:54 localhost.localdomain udevadm[412]: platform:regulator-vph-pwr--platform:17500000.rsc:regulators-2: Triggered device with action 'add'.
Apr 15 11:32:54 localhost.localdomain systemd-udevd[406]: memory4412: Device is queued (SEQNUM=4088, ACTION=add, UUID=5dc7f799-6306-494e-80ed-4e5c07eaba54)
Apr 15 11:32:54 localhost.localdomain udevadm[412]: platform:regulator-vph-pwr--platform:17500000.rsc:regulators-4: Triggered device with action 'add'.
Apr 15 11:32:54 localhost.localdomain systemd-udevd[406]: memory4413: Device is queued (SEQNUM=4089, ACTION=add, UUID=5d20ccea-f1fe-4aa9-882e-4de96d24afb1)
Apr 15 11:32:54 localhost.localdomain udevadm[412]: platform:regulator-vph-pwr--platform:17500000.rsc:regulators-6: Triggered device with action 'add'.
Apr 15 11:32:54 localhost.localdomain udevadm[412]: platform:regulator-vph-pwr--platform:17500000.rsc:regulators-7: Triggered device with action 'add'.
Apr 15 11:32:54 localhost.localdomain systemd-udevd[406]: memory4414: Device is queued (SEQNUM=4090, ACTION=add, UUID=81458172-b9fa-43bd-806e-cd911db6a989)
Apr 15 11:32:54 localhost.localdomain udevadm[412]: platform:regulator-wcn-0p95--platform:wcn7850-pmu: Triggered device with action 'add'.
Apr 15 11:32:54 localhost.localdomain systemd-udevd[406]: memory4415: Device is queued (SEQNUM=4091, ACTION=add, UUID=e6587a53-561d-4e32-8511-00667a970b88)
Apr 15 11:32:54 localhost.localdomain udevadm[412]: platform:regulator-wcn-1p9--platform:wcn7850-pmu: Triggered device with action 'add'.
Apr 15 11:32:54 localhost.localdomain udevadm[412]: platform:regulator-wcn-3p3--platform:regulator-wcn-0p95: Triggered device with action 'add'.
Apr 15 11:32:54 localhost.localdomain systemd-udevd[406]: memory4416: Device is queued (SEQNUM=4092, ACTION=add, UUID=861d2832-fff4-48a2-acb2-cbcdaa83b701)
Apr 15 11:32:54 localhost.localdomain udevadm[412]: platform:regulator-wcn-3p3--platform:regulator-wcn-1p9: Triggered device with action 'add'.
Apr 15 11:32:54 localhost.localdomain systemd-udevd[406]: memory4417: Device is queued (SEQNUM=4093, ACTION=add, UUID=78309e3a-f6a3-48a6-a235-35cb4a78fbe1)
Apr 15 11:32:54 localhost.localdomain udevadm[412]: platform:soc@0--platform:a4f8800.usb: Triggered device with action 'add'.
Apr 15 11:32:54 localhost.localdomain udevadm[412]: platform:soc@0--platform:a6f8800.usb: Triggered device with action 'add'.
Apr 15 11:32:54 localhost.localdomain systemd-udevd[406]: memory4418: Device is queued (SEQNUM=4094, ACTION=add, UUID=628abd88-6594-49fe-a2d9-599478d61cf0)
Apr 15 11:32:54 localhost.localdomain udevadm[412]: platform:soc@0--platform:a8f8800.usb: Triggered device with action 'add'.
Apr 15 11:32:54 localhost.localdomain systemd-udevd[406]: memory4419: Device is queued (SEQNUM=4095, ACTION=add, UUID=66c764a6-e1a9-4877-b8f9-e03987102b72)
Apr 15 11:32:54 localhost.localdomain udevadm[412]: platform:soc@0--platform:ac0000.geniqup: Triggered device with action 'add'.
Apr 15 11:32:54 localhost.localdomain udevadm[412]: platform:soc@0--platform:bc0000.geniqup: Triggered device with action 'add'.
Apr 15 11:32:54 localhost.localdomain systemd-udevd[406]: memory442: Device is queued (SEQNUM=4096, ACTION=add, UUID=041e6f07-0450-472d-9580-5c7970ce6f74)
Apr 15 11:32:54 localhost.localdomain udevadm[412]: system: Triggered device with action 'add'.
Apr 15 11:32:54 localhost.localdomain systemd-udevd[406]: memory4420: Device is queued (SEQNUM=4097, ACTION=add, UUID=709b4304-4232-4bf8-8317-be240c5d8b18)
Apr 15 11:32:54 localhost.localdomain udevadm[412]: id: Triggered device with action 'add'.
Apr 15 11:32:54 localhost.localdomain systemd-udevd[406]: memory4421: Device is queued (SEQNUM=4098, ACTION=add, UUID=f99be760-e4ee-48c7-a2fb-69adac2df309)
Apr 15 11:32:54 localhost.localdomain udevadm[412]: fbcon: Triggered device with action 'add'.
Apr 15 11:32:54 localhost.localdomain systemd-udevd[406]: memory4422: Device is queued (SEQNUM=4099, ACTION=add, UUID=9c836dfe-6b5f-4a42-815c-0d5813ac3ef9)
Apr 15 11:32:54 localhost.localdomain udevadm[412]: fixed-0: Triggered device with action 'add'.
Apr 15 11:32:54 localhost.localdomain systemd-udevd[406]: memory4423: Device is queued (SEQNUM=4100, ACTION=add, UUID=88fcef50-f87c-442c-bc37-683bd1e98279)
Apr 15 11:32:54 localhost.localdomain udevadm[412]: full: Triggered device with action 'add'.
Apr 15 11:32:54 localhost.localdomain udevadm[412]: kmsg: Triggered device with action 'add'.
Apr 15 11:32:54 localhost.localdomain systemd-udevd[406]: memory4424: Device is queued (SEQNUM=4101, ACTION=add, UUID=71193a26-519c-4f0a-9685-04abbc08143a)
Apr 15 11:32:54 localhost.localdomain udevadm[412]: mem: Triggered device with action 'add'.
Apr 15 11:32:54 localhost.localdomain systemd-udevd[406]: memory4425: Device is queued (SEQNUM=4102, ACTION=add, UUID=6cada91b-1c59-4743-b414-dc14db1f7dbc)
Apr 15 11:32:54 localhost.localdomain udevadm[412]: null: Triggered device with action 'add'.
Apr 15 11:32:54 localhost.localdomain udevadm[412]: port: Triggered device with action 'add'.
Apr 15 11:32:54 localhost.localdomain systemd-udevd[406]: memory4426: Device is queued (SEQNUM=4103, ACTION=add, UUID=d2c0d803-c71a-4f7b-8c4d-80f94bbbb0f3)
Apr 15 11:32:54 localhost.localdomain udevadm[412]: random: Triggered device with action 'add'.
Apr 15 11:32:54 localhost.localdomain systemd-udevd[406]: memory4427: Device is queued (SEQNUM=4104, ACTION=add, UUID=2c61d27e-0c8c-4340-b09e-e591acbf52bf)
Apr 15 11:32:54 localhost.localdomain udevadm[412]: urandom: Triggered device with action 'add'.
Apr 15 11:32:54 localhost.localdomain udevadm[412]: zero: Triggered device with action 'add'.
Apr 15 11:32:54 localhost.localdomain systemd-udevd[406]: memory4428: Device is queued (SEQNUM=4105, ACTION=add, UUID=dd465d7a-8dd3-4eac-930f-166894f38c48)
Apr 15 11:32:54 localhost.localdomain udevadm[412]: memory_tier4: Triggered device with action 'add'.
Apr 15 11:32:54 localhost.localdomain systemd-udevd[406]: memory4429: Device is queued (SEQNUM=4106, ACTION=add, UUID=38724101-cfbc-49b3-9dc0-019f838086c3)
Apr 15 11:32:54 localhost.localdomain udevadm[412]: cpu_dma_latency: Triggered device with action 'add'.
Apr 15 11:32:54 localhost.localdomain systemd-udevd[406]: memory443: Device is queued (SEQNUM=4107, ACTION=add, UUID=34440479-e01e-4fca-a5a4-b38ffab6b636)
Apr 15 11:32:54 localhost.localdomain udevadm[412]: cpu_wakeup_latency: Triggered device with action 'add'.
Apr 15 11:32:54 localhost.localdomain systemd-udevd[406]: memory4430: Device is queued (SEQNUM=4108, ACTION=add, UUID=029a2b94-1ae0-4dcb-a115-44a8cd78f488)
Apr 15 11:32:54 localhost.localdomain udevadm[412]: device-mapper: Triggered device with action 'add'.
Apr 15 11:32:54 localhost.localdomain udevadm[412]: ecryptfs: Triggered device with action 'add'.
Apr 15 11:32:54 localhost.localdomain systemd-udevd[406]: memory4431: Device is queued (SEQNUM=4109, ACTION=add, UUID=672ec0fd-1720-422c-ba1a-734fb2f0c965)
Apr 15 11:32:54 localhost.localdomain udevadm[412]: fuse: Triggered device with action 'add'.
Apr 15 11:32:54 localhost.localdomain systemd-udevd[406]: memory4432: Device is queued (SEQNUM=4110, ACTION=add, UUID=95607d1d-8cc2-4474-a7a2-ff546d4b4fe5)
Apr 15 11:32:54 localhost.localdomain udevadm[412]: hw_random: Triggered device with action 'add'.
Apr 15 11:32:54 localhost.localdomain udevadm[412]: loop-control: Triggered device with action 'add'.
Apr 15 11:32:54 localhost.localdomain systemd-udevd[406]: memory4433: Device is queued (SEQNUM=4111, ACTION=add, UUID=c5327250-6511-4bbd-984e-a0c0d9896ae8)
Apr 15 11:32:54 localhost.localdomain udevadm[412]: psaux: Triggered device with action 'add'.
Apr 15 11:32:54 localhost.localdomain systemd-udevd[406]: memory4434: Device is queued (SEQNUM=4112, ACTION=add, UUID=f42b8f58-368c-4c23-8fb5-9e76891b992d)
Apr 15 11:32:54 localhost.localdomain udevadm[412]: rfkill: Triggered device with action 'add'.
Apr 15 11:32:54 localhost.localdomain udevadm[412]: tun: Triggered device with action 'add'.
Apr 15 11:32:54 localhost.localdomain systemd-udevd[406]: memory4435: Device is queued (SEQNUM=4113, ACTION=add, UUID=ac21b016-b73d-4e5d-bb1b-084ee4a154a5)
Apr 15 11:32:54 localhost.localdomain udevadm[412]: udmabuf: Triggered device with action 'add'.
Apr 15 11:32:54 localhost.localdomain systemd-udevd[406]: memory4436: Device is queued (SEQNUM=4114, ACTION=add, UUID=4b2647f4-d735-45c1-8e5c-081f01b9cdce)
Apr 15 11:32:54 localhost.localdomain udevadm[412]: uinput: Triggered device with action 'add'.
Apr 15 11:32:54 localhost.localdomain systemd-udevd[406]: memory4437: Device is queued (SEQNUM=4115, ACTION=add, UUID=3278cb78-e17a-41c0-b25a-c7c208fe4221)
Apr 15 11:32:54 localhost.localdomain udevadm[412]: userfaultfd: Triggered device with action 'add'.
Apr 15 11:32:54 localhost.localdomain udevadm[412]: vga_arbiter: Triggered device with action 'add'.
Apr 15 11:32:54 localhost.localdomain systemd-udevd[406]: memory4438: Device is queued (SEQNUM=4116, ACTION=add, UUID=41c51275-ee36-437c-a3a7-fd88984ad514)
Apr 15 11:32:54 localhost.localdomain udevadm[412]: ppp: Triggered device with action 'add'.
Apr 15 11:32:54 localhost.localdomain systemd-udevd[406]: memory4439: Device is queued (SEQNUM=4117, ACTION=add, UUID=c255a981-e962-4ce9-b818-754b253be70b)
Apr 15 11:32:54 localhost.localdomain udevadm[412]: vcs: Triggered device with action 'add'.
Apr 15 11:32:54 localhost.localdomain udevadm[412]: vcs1: Triggered device with action 'add'.
Apr 15 11:32:54 localhost.localdomain systemd-udevd[406]: memory444: Device is queued (SEQNUM=4118, ACTION=add, UUID=e94e1532-5002-4f4f-a45d-d4333f7a323f)
Apr 15 11:32:54 localhost.localdomain udevadm[412]: vcsa: Triggered device with action 'add'.
Apr 15 11:32:54 localhost.localdomain systemd-udevd[406]: memory4440: Device is queued (SEQNUM=4119, ACTION=add, UUID=ac643813-52a5-4350-90c4-fbb6d3209d7a)
Apr 15 11:32:54 localhost.localdomain udevadm[412]: vcsa1: Triggered device with action 'add'.
Apr 15 11:32:54 localhost.localdomain udevadm[412]: vcsu: Triggered device with action 'add'.
Apr 15 11:32:54 localhost.localdomain systemd-udevd[406]: memory4441: Device is queued (SEQNUM=4120, ACTION=add, UUID=31785e7a-a202-48bf-b337-78c6baeb2589)
Apr 15 11:32:54 localhost.localdomain udevadm[412]: vcsu1: Triggered device with action 'add'.
Apr 15 11:32:54 localhost.localdomain systemd-udevd[406]: memory4442: Device is queued (SEQNUM=4121, ACTION=add, UUID=ee92f528-b5af-42cf-9aa6-bb14d78a85af)
Apr 15 11:32:54 localhost.localdomain udevadm[412]: vtcon0: Triggered device with action 'add'.
Apr 15 11:32:54 localhost.localdomain systemd-udevd[406]: memory4443: Device is queued (SEQNUM=4122, ACTION=add, UUID=d40cdd33-767e-4c8f-845d-56b6e9d01305)
Apr 15 11:32:54 localhost.localdomain udevadm[412]: vtcon1: Triggered device with action 'add'.
Apr 15 11:32:54 localhost.localdomain udevadm[412]: blkcg_punt_bio: Triggered device with action 'add'.
Apr 15 11:32:54 localhost.localdomain systemd-udevd[406]: memory4444: Device is queued (SEQNUM=4123, ACTION=add, UUID=2173e846-6279-4038-bd52-5944ba217378)
Apr 15 11:32:54 localhost.localdomain udevadm[412]: writeback: Triggered device with action 'add'.
Apr 15 11:32:54 localhost.localdomain systemd-udevd[406]: memory4445: Device is queued (SEQNUM=4124, ACTION=add, UUID=fcc41e15-2435-42ec-8d03-bfb46716255f)
Apr 15 11:32:54 localhost.localdomain systemd-udevd[406]: memory4446: Device is queued (SEQNUM=4125, ACTION=add, UUID=930c2ff7-e8c3-4ee7-b90a-69ff91702f48)
Apr 15 11:32:54 localhost.localdomain systemd-udevd[406]: memory4447: Device is queued (SEQNUM=4126, ACTION=add, UUID=ff4991b7-d859-4888-9ad9-644950740cae)
Apr 15 11:32:54 localhost.localdomain systemd-udevd[406]: memory4448: Device is queued (SEQNUM=4127, ACTION=add, UUID=b67d508d-ef65-4653-985f-ace4d6b73525)
Apr 15 11:32:54 localhost.localdomain systemd-udevd[406]: memory4449: Device is queued (SEQNUM=4128, ACTION=add, UUID=31dcc7fd-d52c-4d1f-80c8-6ac7d084e164)
Apr 15 11:32:54 localhost.localdomain systemd-udevd[406]: memory445: Device is queued (SEQNUM=4129, ACTION=add, UUID=854ba547-2b12-463c-97d2-a32104b27e55)
Apr 15 11:32:54 localhost.localdomain systemd-udevd[406]: memory4450: Device is queued (SEQNUM=4130, ACTION=add, UUID=f25239ae-1fd7-4207-929e-df5f64ce1994)
Apr 15 11:32:54 localhost.localdomain systemd-udevd[406]: memory4451: Device is queued (SEQNUM=4131, ACTION=add, UUID=250e0a50-0165-4706-80ed-cf38f6483806)
Apr 15 11:32:54 localhost.localdomain systemd-udevd[406]: memory4452: Device is queued (SEQNUM=4132, ACTION=add, UUID=09e72e02-fc01-4f57-8b3d-78d03d3f272c)
Apr 15 11:32:54 localhost.localdomain systemd-udevd[406]: memory4453: Device is queued (SEQNUM=4133, ACTION=add, UUID=df918bf8-f0cb-43ab-9d1f-751aecfe9904)
Apr 15 11:32:54 localhost.localdomain systemd-udevd[406]: memory4454: Device is queued (SEQNUM=4134, ACTION=add, UUID=49b32540-db29-4622-b44f-87bc8d9768c5)
Apr 15 11:32:54 localhost.localdomain systemd-udevd[406]: memory4455: Device is queued (SEQNUM=4135, ACTION=add, UUID=2984e73f-40eb-461d-9165-26fc68fe8b3a)
Apr 15 11:32:54 localhost.localdomain systemd-udevd[406]: memory4456: Device is queued (SEQNUM=4136, ACTION=add, UUID=c71ed411-c093-49d5-8c64-fdf246078aa4)
Apr 15 11:32:54 localhost.localdomain systemd-udevd[406]: memory4457: Device is queued (SEQNUM=4137, ACTION=add, UUID=f2d4aa4b-b259-4e9d-a194-58b32bb3cdb4)
Apr 15 11:32:54 localhost.localdomain systemd-udevd[406]: memory4458: Device is queued (SEQNUM=4138, ACTION=add, UUID=35def874-33dc-4964-8ea6-82428bc7f761)
Apr 15 11:32:54 localhost.localdomain systemd-udevd[406]: memory4459: Device is queued (SEQNUM=4139, ACTION=add, UUID=54fedd5f-aa9e-4fc6-a467-2e2656b92d23)
Apr 15 11:32:54 localhost.localdomain systemd-udevd[406]: memory446: Device is queued (SEQNUM=4140, ACTION=add, UUID=fb18521c-0595-4308-b2fd-97f98703d6ec)
Apr 15 11:32:54 localhost.localdomain systemd-udevd[406]: memory4460: Device is queued (SEQNUM=4141, ACTION=add, UUID=581453b0-2baf-4987-882d-daf657db099e)
Apr 15 11:32:54 localhost.localdomain systemd-udevd[406]: memory4461: Device is queued (SEQNUM=4142, ACTION=add, UUID=05991412-f4c4-4f30-82b8-20e4a51c9cc5)
Apr 15 11:32:54 localhost.localdomain systemd-udevd[406]: memory4462: Device is queued (SEQNUM=4143, ACTION=add, UUID=3704ace0-7965-4848-85d4-11a6b434390f)
Apr 15 11:32:54 localhost.localdomain systemd-udevd[406]: memory4463: Device is queued (SEQNUM=4144, ACTION=add, UUID=c41706c9-60c8-4f6e-b9f8-372165c3664a)
Apr 15 11:32:54 localhost.localdomain systemd-udevd[406]: memory4464: Device is queued (SEQNUM=4145, ACTION=add, UUID=7ad7aee8-289b-4745-90be-d9f59f341bcb)
Apr 15 11:32:54 localhost.localdomain systemd-udevd[406]: memory4465: Device is queued (SEQNUM=4146, ACTION=add, UUID=f8f06da1-f9f4-49d1-96ed-35ee447114d2)
Apr 15 11:32:54 localhost.localdomain systemd-udevd[406]: memory4466: Device is queued (SEQNUM=4147, ACTION=add, UUID=f4b5baa4-963b-4218-85f9-6231dff93f7a)
Apr 15 11:32:54 localhost.localdomain systemd-udevd[406]: memory4467: Device is queued (SEQNUM=4148, ACTION=add, UUID=5d4e3eaf-3e21-4648-88e4-a3a07cf8e3ef)
Apr 15 11:32:54 localhost.localdomain systemd-udevd[406]: memory4468: Device is queued (SEQNUM=4149, ACTION=add, UUID=118e8f02-5b66-450c-ac91-634d774855b9)
Apr 15 11:32:54 localhost.localdomain systemd-udevd[406]: memory4469: Device is queued (SEQNUM=4150, ACTION=add, UUID=de241ff1-0d98-4a86-9f5b-688ef34d51c2)
Apr 15 11:32:54 localhost.localdomain systemd-udevd[406]: memory447: Device is queued (SEQNUM=4151, ACTION=add, UUID=21127cf5-a43c-48bf-845f-d6f80d027858)
Apr 15 11:32:54 localhost.localdomain systemd-udevd[406]: memory4470: Device is queued (SEQNUM=4152, ACTION=add, UUID=fcb0b3b0-1e91-4f2b-be53-57930bc716b9)
Apr 15 11:32:54 localhost.localdomain systemd-udevd[406]: memory4471: Device is queued (SEQNUM=4153, ACTION=add, UUID=907bf82e-c1b7-460d-82a1-16455ae63237)
Apr 15 11:32:54 localhost.localdomain systemd-udevd[406]: memory4472: Device is queued (SEQNUM=4154, ACTION=add, UUID=77388a75-2522-4d12-9259-246ed92eb763)
Apr 15 11:32:54 localhost.localdomain systemd-udevd[406]: memory4473: Device is queued (SEQNUM=4155, ACTION=add, UUID=88998cfa-ac7f-4e37-b591-a95e21865b27)
Apr 15 11:32:54 localhost.localdomain systemd-udevd[406]: memory4474: Device is queued (SEQNUM=4156, ACTION=add, UUID=ddf098cd-4a67-4661-987f-691358fa8ccf)
Apr 15 11:32:54 localhost.localdomain systemd-udevd[406]: memory4475: Device is queued (SEQNUM=4157, ACTION=add, UUID=85c4405b-c7ca-4a4c-98d7-4088bb847357)
Apr 15 11:32:54 localhost.localdomain systemd-udevd[406]: memory4476: Device is queued (SEQNUM=4158, ACTION=add, UUID=31983914-9a1f-4710-a2b1-f9ab32972440)
Apr 15 11:32:54 localhost.localdomain systemd-udevd[406]: memory4477: Device is queued (SEQNUM=4159, ACTION=add, UUID=cd037fd2-f545-4bf6-9261-d06022b403bd)
Apr 15 11:32:54 localhost.localdomain systemd-udevd[406]: memory4478: Device is queued (SEQNUM=4160, ACTION=add, UUID=a45a7ae8-d041-4bd6-9820-173adf97796d)
Apr 15 11:32:54 localhost.localdomain systemd-udevd[406]: memory4479: Device is queued (SEQNUM=4161, ACTION=add, UUID=982d5d24-63e1-4418-9c2e-9f4694c600cf)
Apr 15 11:32:54 localhost.localdomain systemd-udevd[406]: memory448: Device is queued (SEQNUM=4162, ACTION=add, UUID=3e92d60e-40e1-4114-85a9-34dd4b406a97)
Apr 15 11:32:54 localhost.localdomain systemd-udevd[406]: memory4480: Device is queued (SEQNUM=4163, ACTION=add, UUID=1fe85b04-ff5b-454c-b869-ba27dd7d3ab3)
Apr 15 11:32:54 localhost.localdomain systemd-udevd[406]: memory4481: Device is queued (SEQNUM=4164, ACTION=add, UUID=2012e0e1-2dce-40a4-98d1-62fabb82e350)
Apr 15 11:32:54 localhost.localdomain systemd-udevd[406]: memory4482: Device is queued (SEQNUM=4165, ACTION=add, UUID=2551da81-fb2c-418f-a957-ac322853bda6)
Apr 15 11:32:54 localhost.localdomain systemd-udevd[406]: memory4483: Device is queued (SEQNUM=4166, ACTION=add, UUID=3a80180e-1a4d-4728-adae-5b759ad658d2)
Apr 15 11:32:54 localhost.localdomain systemd-udevd[406]: memory4484: Device is queued (SEQNUM=4167, ACTION=add, UUID=58c2df52-903c-4388-9342-f60014af92e1)
Apr 15 11:32:54 localhost.localdomain systemd-udevd[406]: memory4485: Device is queued (SEQNUM=4168, ACTION=add, UUID=3cbe87cc-2ed2-45e6-855d-dffe49ddac91)
Apr 15 11:32:54 localhost.localdomain systemd-udevd[406]: memory4486: Device is queued (SEQNUM=4169, ACTION=add, UUID=e27b2081-e298-439b-8951-83f5db47816c)
Apr 15 11:32:54 localhost.localdomain systemd-udevd[406]: memory4487: Device is queued (SEQNUM=4170, ACTION=add, UUID=3ee866af-ff0c-4eb4-95ff-569ce72b839f)
Apr 15 11:32:54 localhost.localdomain systemd-udevd[406]: memory4488: Device is queued (SEQNUM=4171, ACTION=add, UUID=93305e45-d5fc-4de4-a2f8-04f9b046ef18)
Apr 15 11:32:54 localhost.localdomain systemd-udevd[406]: memory4489: Device is queued (SEQNUM=4172, ACTION=add, UUID=69cfc3aa-a700-415f-8f3e-841453b91cf5)
Apr 15 11:32:54 localhost.localdomain systemd-udevd[406]: memory449: Device is queued (SEQNUM=4173, ACTION=add, UUID=477fd51b-075f-46b0-b48d-5020cecc7db8)
Apr 15 11:32:54 localhost.localdomain systemd-udevd[406]: memory4490: Device is queued (SEQNUM=4174, ACTION=add, UUID=38d558d2-c3dd-4082-b5fc-c4f42d8bea1b)
Apr 15 11:32:54 localhost.localdomain systemd-udevd[406]: memory4491: Device is queued (SEQNUM=4175, ACTION=add, UUID=e586a664-dbc0-4df5-9fd2-77211f49b8ae)
Apr 15 11:32:54 localhost.localdomain systemd-udevd[406]: memory4492: Device is queued (SEQNUM=4176, ACTION=add, UUID=3209702d-fc12-453d-bbd4-b756c11dbf8b)
Apr 15 11:32:54 localhost.localdomain systemd-udevd[406]: memory4493: Device is queued (SEQNUM=4177, ACTION=add, UUID=c5d4d44a-3938-416d-b659-4206ecdb04d8)
Apr 15 11:32:54 localhost.localdomain systemd-udevd[406]: memory4494: Device is queued (SEQNUM=4178, ACTION=add, UUID=9d54099b-8bc6-45aa-aa14-5e8de20058bb)
Apr 15 11:32:54 localhost.localdomain systemd-udevd[406]: memory4495: Device is queued (SEQNUM=4179, ACTION=add, UUID=36bf15c0-a81e-431c-a379-a7712896cef9)
Apr 15 11:32:54 localhost.localdomain systemd-udevd[406]: memory4496: Device is queued (SEQNUM=4180, ACTION=add, UUID=0f82109e-d2d2-4cb8-9068-510f65c447c5)
Apr 15 11:32:54 localhost.localdomain systemd-udevd[406]: memory4497: Device is queued (SEQNUM=4181, ACTION=add, UUID=e61af818-b142-4977-840a-30621c876f5a)
Apr 15 11:32:54 localhost.localdomain systemd-udevd[406]: memory4498: Device is queued (SEQNUM=4182, ACTION=add, UUID=524fc06e-272c-48b0-a9a1-18db4bcc23d4)
Apr 15 11:32:54 localhost.localdomain systemd-udevd[406]: memory4499: Device is queued (SEQNUM=4183, ACTION=add, UUID=34bb1f11-4be3-46a5-b933-9af4dea4291d)
Apr 15 11:32:54 localhost.localdomain systemd-udevd[406]: memory450: Device is queued (SEQNUM=4184, ACTION=add, UUID=e735c8dc-6cfc-41a1-b28a-3b9b1157a08a)
Apr 15 11:32:54 localhost.localdomain systemd-udevd[406]: memory4500: Device is queued (SEQNUM=4185, ACTION=add, UUID=6d495f5d-2853-4641-81f4-cfc5e5b96319)
Apr 15 11:32:54 localhost.localdomain systemd-udevd[406]: memory4501: Device is queued (SEQNUM=4186, ACTION=add, UUID=25416579-a010-42fd-be25-30c4254071a1)
Apr 15 11:32:54 localhost.localdomain systemd-udevd[406]: memory4502: Device is queued (SEQNUM=4187, ACTION=add, UUID=7e1f807d-efe3-4214-89bb-f9d4579c87a3)
Apr 15 11:32:54 localhost.localdomain systemd-udevd[406]: memory4503: Device is queued (SEQNUM=4188, ACTION=add, UUID=64945717-99d6-4199-8be1-3e082a7ce9e6)
Apr 15 11:32:54 localhost.localdomain systemd-udevd[406]: memory4504: Device is queued (SEQNUM=4189, ACTION=add, UUID=e4b9d72e-710e-463d-a2f2-b8a2d990ca40)
Apr 15 11:32:54 localhost.localdomain systemd-udevd[406]: memory4505: Device is queued (SEQNUM=4190, ACTION=add, UUID=7a6e3673-78e4-43f1-91d2-0231418d37ef)
Apr 15 11:32:54 localhost.localdomain systemd-udevd[406]: memory4506: Device is queued (SEQNUM=4191, ACTION=add, UUID=a4bd10ef-47c1-49d9-952b-c6da08c392c5)
Apr 15 11:32:54 localhost.localdomain systemd-udevd[406]: memory4507: Device is queued (SEQNUM=4192, ACTION=add, UUID=09ee81cd-6f16-4320-9b73-bb6e9ecf7bc2)
Apr 15 11:32:54 localhost.localdomain systemd-udevd[406]: memory4508: Device is queued (SEQNUM=4193, ACTION=add, UUID=74001374-183d-4805-bbe2-0de911e3830e)
Apr 15 11:32:54 localhost.localdomain systemd-udevd[406]: memory4509: Device is queued (SEQNUM=4194, ACTION=add, UUID=0e350cba-ba78-4381-9318-380ccb64bf9d)
Apr 15 11:32:54 localhost.localdomain systemd[1]: systemd-journald.service: Received EPOLLHUP on stored fd 50 (stored), closing.
Apr 15 11:32:54 localhost.localdomain systemd-udevd[406]: memory451: Device is queued (SEQNUM=4195, ACTION=add, UUID=4d06da0c-8ca8-4a22-a3d9-bc12e1c7d8dd)
Apr 15 11:32:54 localhost.localdomain systemd-udevd[406]: memory4510: Device is queued (SEQNUM=4196, ACTION=add, UUID=3963d830-0f86-446f-a9fd-606321eca7a5)
Apr 15 11:32:54 localhost.localdomain systemd-udevd[406]: memory4511: Device is queued (SEQNUM=4197, ACTION=add, UUID=59a8a454-a0c7-442a-90d2-7cb0b1ce961b)
Apr 15 11:32:54 localhost.localdomain systemd-udevd[406]: memory4512: Device is queued (SEQNUM=4198, ACTION=add, UUID=cee550b8-28fa-4b09-9c3c-e38b15c6cf09)
Apr 15 11:32:54 localhost.localdomain systemd-udevd[406]: memory4513: Device is queued (SEQNUM=4199, ACTION=add, UUID=9e49c3a9-7032-4d8e-b52a-98006d3c38d4)
Apr 15 11:32:54 localhost.localdomain systemd-udevd[406]: memory4514: Device is queued (SEQNUM=4200, ACTION=add, UUID=d52d99f6-06c0-4379-aee7-827bb3b9bf52)
Apr 15 11:32:54 localhost.localdomain systemd-udevd[406]: memory4515: Device is queued (SEQNUM=4201, ACTION=add, UUID=8d45fed2-384f-48f2-839d-d1b467c08a1d)
Apr 15 11:32:54 localhost.localdomain systemd-udevd[406]: memory4516: Device is queued (SEQNUM=4202, ACTION=add, UUID=4bdadc06-1055-4918-9c0a-aac159528423)
Apr 15 11:32:54 localhost.localdomain systemd-udevd[406]: memory4517: Device is queued (SEQNUM=4203, ACTION=add, UUID=81be0ef0-a706-4e88-ba2c-3282edac5dee)
Apr 15 11:32:54 localhost.localdomain systemd[1]: Received SIGCHLD.
Apr 15 11:32:54 localhost.localdomain systemd-udevd[406]: memory4518: Device is queued (SEQNUM=4204, ACTION=add, UUID=1bfca5f5-64eb-4538-bf71-282d85d6969e)
Apr 15 11:32:54 localhost.localdomain systemd[1]: Child 412 (udevadm) died (code=exited, status=0/SUCCESS)
Apr 15 11:32:54 localhost.localdomain systemd-udevd[406]: memory4519: Device is queued (SEQNUM=4205, ACTION=add, UUID=52f50a4f-05c4-48bc-bb90-9c911b9e71fa)
Apr 15 11:32:54 localhost.localdomain systemd[1]: systemd-udev-trigger.service: Child 412 belongs to systemd-udev-trigger.service.
Apr 15 11:32:54 localhost.localdomain systemd-udevd[406]: memory452: Device is queued (SEQNUM=4206, ACTION=add, UUID=c393e8fd-3f05-4ca4-a5fc-6a6aed1381a0)
Apr 15 11:32:54 localhost.localdomain systemd[1]: systemd-udev-trigger.service: Main process exited, code=exited, status=0/SUCCESS (success)
Apr 15 11:32:54 localhost.localdomain systemd-udevd[406]: memory4520: Device is queued (SEQNUM=4207, ACTION=add, UUID=4351c12c-8c7f-4383-89ae-563756557acb)
Apr 15 11:32:54 localhost.localdomain systemd-udevd[406]: memory4521: Device is queued (SEQNUM=4208, ACTION=add, UUID=98fc8c63-0dc0-4a52-9959-84e188835d47)
Apr 15 11:32:54 localhost.localdomain systemd-udevd[406]: memory4522: Device is queued (SEQNUM=4209, ACTION=add, UUID=d1028715-85d5-417f-9819-426027805a62)
Apr 15 11:32:54 localhost.localdomain systemd-udevd[406]: memory4523: Device is queued (SEQNUM=4210, ACTION=add, UUID=63cbaae4-67e3-476a-9bd1-bbb93c41a9f2)
Apr 15 11:32:54 localhost.localdomain systemd-udevd[406]: memory4524: Device is queued (SEQNUM=4211, ACTION=add, UUID=b81a89b9-bbd6-4fb3-a461-83c7eae9461d)
Apr 15 11:32:54 localhost.localdomain systemd-udevd[406]: memory4525: Device is queued (SEQNUM=4212, ACTION=add, UUID=81e32b14-fdf4-4812-ae96-ed3b7f075500)
Apr 15 11:32:54 localhost.localdomain systemd-udevd[406]: memory4526: Device is queued (SEQNUM=4213, ACTION=add, UUID=1e745403-48f6-43d1-9cb4-447a96a76749)
Apr 15 11:32:54 localhost.localdomain systemd-udevd[406]: memory4527: Device is queued (SEQNUM=4214, ACTION=add, UUID=52b484bf-55b5-4363-84f7-2d29be7bd3c7)
Apr 15 11:32:54 localhost.localdomain systemd-udevd[406]: memory4528: Device is queued (SEQNUM=4215, ACTION=add, UUID=d5eced03-f2b8-4b70-9625-2448e4385584)
Apr 15 11:32:54 localhost.localdomain systemd-udevd[406]: memory4529: Device is queued (SEQNUM=4216, ACTION=add, UUID=5e6310a3-91ea-4f0b-a768-1dad3ea9ede3)
Apr 15 11:32:54 localhost.localdomain systemd-udevd[406]: memory453: Device is queued (SEQNUM=4217, ACTION=add, UUID=1363d41f-ca3c-4556-8cd1-feb52d1171c0)
Apr 15 11:32:54 localhost.localdomain systemd-udevd[406]: memory4530: Device is queued (SEQNUM=4218, ACTION=add, UUID=032737b1-0f00-417a-b412-639c8e82386d)
